runmode
	reference	3 47.233278 26.760495 47.233278 26.760495
	image	1 MACS0308_arc_multiple_images.lenstool
	end
grid
	number		256
	polar		0
	nlens	143
	end
potential
0
	profile		81
	x_centre	33.124107
	y_centre	-40.996926
	ellipticity	0.143840
	angle_pos	135.996886
	core_radius	0.001974
	core_radius_kpc	0.009859
	cut_radius	3.229876
	cut_radius_kpc	16.131278
	v_disp		58.958510
	mag		24.743306
	z_lens		0.356000
	end
potential
1
	profile		81
	x_centre	0.094500
	y_centre	0.672356
	ellipticity	0.093079
	angle_pos	38.519866
	core_radius	12.344350
	core_radius_kpc	61.652565
	cut_radius	300.336653
	cut_radius_kpc	1500.000000
	v_disp		1108.421261
	z_lens		0.356000
	end
potential
2
	profile		81
	x_centre	0.000000
	y_centre	0.000000
	ellipticity	0.193687
	angle_pos	67.500000
	core_radius	0.030034
	core_radius_kpc	0.150000
	cut_radius	97.627237
	cut_radius_kpc	487.589023
	v_disp		394.214532
	z_lens		0.356000
	end
potential
3
	profile		14
	gamma	0.125900
	angle_pos	59.044600
	kappa	0.000000
	z_lens		0.356000
	end
potential
4
	profile		81
	x_centre	1.690789
	y_centre	-43.607880
	ellipticity	0.096026
	angle_pos	21.100000
	core_radius	0.023181
	core_radius_kpc	0.115776
	cut_radius	74.403106
	cut_radius_kpc	371.598529
	v_disp		123.071108
	mag		17.762372
	z_lens		0.356000
	end
potential
5
	profile		81
	x_centre	-10.315097
	y_centre	-31.040280
	ellipticity	0.074929
	angle_pos	53.689999
	core_radius	0.023130
	core_radius_kpc	0.115520
	cut_radius	74.238718
	cut_radius_kpc	370.777513
	v_disp		122.935075
	mag		17.767175
	z_lens		0.356000
	end
potential
6
	profile		81
	x_centre	-20.302323
	y_centre	23.794920
	ellipticity	0.093770
	angle_pos	-75.489998
	core_radius	0.021848
	core_radius_kpc	0.109117
	cut_radius	70.124256
	cut_radius_kpc	350.228260
	v_disp		119.479862
	mag		17.890986
	z_lens		0.356000
	end
potential
7
	profile		81
	x_centre	-56.111043
	y_centre	10.359720
	ellipticity	0.104207
	angle_pos	79.339996
	core_radius	0.021805
	core_radius_kpc	0.108904
	cut_radius	69.987304
	cut_radius_kpc	349.544269
	v_disp		119.363134
	mag		17.895231
	z_lens		0.356000
	end
potential
8
	profile		81
	x_centre	39.360663
	y_centre	-23.314680
	ellipticity	0.330702
	angle_pos	51.759998
	core_radius	0.020445
	core_radius_kpc	0.102111
	cut_radius	65.621789
	cut_radius_kpc	327.741160
	v_disp		115.580511
	mag		18.035087
	z_lens		0.356000
	end
potential
9
	profile		81
	x_centre	0.800392
	y_centre	2.770920
	ellipticity	0.367615
	angle_pos	-24.000000
	core_radius	0.019860
	core_radius_kpc	0.099187
	cut_radius	63.742672
	cut_radius_kpc	318.356108
	v_disp		113.913635
	mag		18.098176
	z_lens		0.356000
	end
potential
10
	profile		81
	x_centre	15.274959
	y_centre	56.385720
	ellipticity	0.235496
	angle_pos	29.020000
	core_radius	0.019686
	core_radius_kpc	0.098320
	cut_radius	63.185069
	cut_radius_kpc	315.571218
	v_disp		113.414299
	mag		18.117255
	z_lens		0.356000
	end
potential
11
	profile		81
	x_centre	46.548122
	y_centre	-52.791480
	ellipticity	0.451960
	angle_pos	-57.049999
	core_radius	0.018543
	core_radius_kpc	0.092609
	cut_radius	59.515113
	cut_radius_kpc	297.242008
	v_disp		110.071329
	mag		18.247191
	z_lens		0.356000
	end
potential
12
	profile		81
	x_centre	4.291260
	y_centre	-26.036280
	ellipticity	0.502788
	angle_pos	54.820000
	core_radius	0.018464
	core_radius_kpc	0.092216
	cut_radius	59.262295
	cut_radius_kpc	295.979333
	v_disp		109.837291
	mag		18.256435
	z_lens		0.356000
	end
potential
13
	profile		81
	x_centre	-41.639692
	y_centre	29.450520
	ellipticity	0.487834
	angle_pos	-89.970001
	core_radius	0.017001
	core_radius_kpc	0.084912
	cut_radius	54.568958
	cut_radius_kpc	272.538955
	v_disp		105.398253
	mag		18.435599
	z_lens		0.356000
	end
potential
14
	profile		81
	x_centre	0.208938
	y_centre	9.898920
	ellipticity	0.719861
	angle_pos	-48.009998
	core_radius	0.016492
	core_radius_kpc	0.082369
	cut_radius	52.934701
	cut_radius_kpc	264.376827
	v_disp		103.807997
	mag		18.501625
	z_lens		0.356000
	end
potential
15
	profile		81
	x_centre	4.622347
	y_centre	-1.196280
	ellipticity	0.148660
	angle_pos	54.500000
	core_radius	0.016357
	core_radius_kpc	0.081695
	cut_radius	52.500962
	cut_radius_kpc	262.210565
	v_disp		103.381829
	mag		18.519491
	z_lens		0.356000
	end
potential
16
	profile		81
	x_centre	11.607297
	y_centre	-65.344680
	ellipticity	0.462234
	angle_pos	-60.919998
	core_radius	0.015766
	core_radius_kpc	0.078740
	cut_radius	50.602394
	cut_radius_kpc	252.728364
	v_disp		101.495342
	mag		18.599472
	z_lens		0.356000
	end
potential
17
	profile		81
	x_centre	50.280072
	y_centre	-38.956680
	ellipticity	0.119807
	angle_pos	-81.440002
	core_radius	0.015220
	core_radius_kpc	0.076016
	cut_radius	48.851383
	cut_radius_kpc	243.983123
	v_disp		99.723844
	mag		18.675943
	z_lens		0.356000
	end
potential
18
	profile		81
	x_centre	29.113068
	y_centre	-2.359080
	ellipticity	0.069456
	angle_pos	-55.529999
	core_radius	0.014767
	core_radius_kpc	0.073754
	cut_radius	47.397983
	cut_radius_kpc	236.724270
	v_disp		98.229178
	mag		18.741528
	z_lens		0.356000
	end
potential
19
	profile		81
	x_centre	5.159156
	y_centre	20.403720
	ellipticity	0.432594
	angle_pos	65.220001
	core_radius	0.014072
	core_radius_kpc	0.070279
	cut_radius	45.164901
	cut_radius_kpc	225.571375
	v_disp		95.887305
	mag		18.846322
	z_lens		0.356000
	end
potential
20
	profile		81
	x_centre	3.285145
	y_centre	-0.955080
	ellipticity	0.347664
	angle_pos	48.099998
	core_radius	0.013972
	core_radius_kpc	0.069781
	cut_radius	44.844446
	cut_radius_kpc	223.970896
	v_disp		95.546528
	mag		18.861784
	z_lens		0.356000
	end
potential
21
	profile		81
	x_centre	27.685863
	y_centre	-15.538680
	ellipticity	0.296427
	angle_pos	0.100000
	core_radius	0.013712
	core_radius_kpc	0.068485
	cut_radius	44.012037
	cut_radius_kpc	219.813513
	v_disp		94.655600
	mag		18.902470
	z_lens		0.356000
	end
potential
22
	profile		81
	x_centre	-45.680227
	y_centre	16.281720
	ellipticity	0.100078
	angle_pos	61.599998
	core_radius	0.013460
	core_radius_kpc	0.067225
	cut_radius	43.201842
	cut_radius_kpc	215.767081
	v_disp		93.780320
	mag		18.942816
	z_lens		0.356000
	end
potential
23
	profile		81
	x_centre	-2.970131
	y_centre	-61.582680
	ellipticity	0.646428
	angle_pos	-15.510000
	core_radius	0.013416
	core_radius_kpc	0.067003
	cut_radius	43.059449
	cut_radius_kpc	215.055912
	v_disp		93.625643
	mag		18.949985
	z_lens		0.356000
	end
potential
24
	profile		81
	x_centre	-17.627919
	y_centre	-38.636280
	ellipticity	0.196510
	angle_pos	-13.230000
	core_radius	0.013242
	core_radius_kpc	0.066134
	cut_radius	42.501129
	cut_radius_kpc	212.267442
	v_disp		93.016675
	mag		18.978325
	z_lens		0.356000
	end
potential
25
	profile		81
	x_centre	-3.821954
	y_centre	2.014920
	ellipticity	0.536256
	angle_pos	-28.340000
	core_radius	0.013170
	core_radius_kpc	0.065774
	cut_radius	42.269320
	cut_radius_kpc	211.109699
	v_disp		92.762664
	mag		18.990201
	z_lens		0.356000
	end
potential
26
	profile		81
	x_centre	49.155023
	y_centre	-52.489080
	ellipticity	0.506864
	angle_pos	-52.810001
	core_radius	0.013050
	core_radius_kpc	0.065175
	cut_radius	41.884763
	cut_radius_kpc	209.189069
	v_disp		92.339732
	mag		19.010047
	z_lens		0.356000
	end
potential
27
	profile		81
	x_centre	-50.768665
	y_centre	8.570520
	ellipticity	0.243695
	angle_pos	-33.730000
	core_radius	0.012973
	core_radius_kpc	0.064790
	cut_radius	41.637483
	cut_radius_kpc	207.954052
	v_disp		92.066750
	mag		19.022905
	z_lens		0.356000
	end
potential
28
	profile		81
	x_centre	3.002275
	y_centre	-4.274280
	ellipticity	0.051419
	angle_pos	13.560000
	core_radius	0.012952
	core_radius_kpc	0.064689
	cut_radius	41.572071
	cut_radius_kpc	207.627362
	v_disp		91.994404
	mag		19.026319
	z_lens		0.356000
	end
potential
29
	profile		81
	x_centre	-48.351416
	y_centre	15.846120
	ellipticity	0.219043
	angle_pos	-68.760002
	core_radius	0.012802
	core_radius_kpc	0.063939
	cut_radius	41.090049
	cut_radius_kpc	205.219954
	v_disp		91.459519
	mag		19.051644
	z_lens		0.356000
	end
potential
30
	profile		81
	x_centre	-17.165042
	y_centre	-30.925080
	ellipticity	0.103165
	angle_pos	6.060000
	core_radius	0.012453
	core_radius_kpc	0.062195
	cut_radius	39.969845
	cut_radius_kpc	199.625210
	v_disp		90.204211
	mag		19.111665
	z_lens		0.356000
	end
potential
31
	profile		81
	x_centre	-38.460623
	y_centre	-32.793480
	ellipticity	0.286230
	angle_pos	-89.930000
	core_radius	0.012426
	core_radius_kpc	0.062062
	cut_radius	39.884180
	cut_radius_kpc	199.197364
	v_disp		90.107494
	mag		19.116324
	z_lens		0.356000
	end
potential
32
	profile		81
	x_centre	-1.269699
	y_centre	29.770920
	ellipticity	0.261909
	angle_pos	-63.439999
	core_radius	0.012197
	core_radius_kpc	0.060919
	cut_radius	39.149720
	cut_radius_kpc	195.529183
	v_disp		89.273983
	mag		19.156684
	z_lens		0.356000
	end
potential
33
	profile		81
	x_centre	-51.552986
	y_centre	23.470920
	ellipticity	0.259658
	angle_pos	-57.610001
	core_radius	0.012004
	core_radius_kpc	0.059953
	cut_radius	38.528816
	cut_radius_kpc	192.428142
	v_disp		88.563223
	mag		19.191399
	z_lens		0.356000
	end
potential
34
	profile		81
	x_centre	40.054979
	y_centre	10.050120
	ellipticity	0.283818
	angle_pos	42.459999
	core_radius	0.011558
	core_radius_kpc	0.057723
	cut_radius	37.095862
	cut_radius_kpc	185.271401
	v_disp		86.900707
	mag		19.273700
	z_lens		0.356000
	end
potential
35
	profile		81
	x_centre	-16.274646
	y_centre	-4.029480
	ellipticity	0.616796
	angle_pos	-8.310000
	core_radius	0.011510
	core_radius_kpc	0.057485
	cut_radius	36.942618
	cut_radius_kpc	184.506039
	v_disp		86.721027
	mag		19.282689
	z_lens		0.356000
	end
potential
36
	profile		81
	x_centre	26.657246
	y_centre	6.500520
	ellipticity	0.587710
	angle_pos	84.720001
	core_radius	0.011506
	core_radius_kpc	0.057468
	cut_radius	36.931714
	cut_radius_kpc	184.451583
	v_disp		86.708228
	mag		19.283330
	z_lens		0.356000
	end
potential
37
	profile		81
	x_centre	-12.089461
	y_centre	-54.487080
	ellipticity	0.089984
	angle_pos	-3.070000
	core_radius	0.010809
	core_radius_kpc	0.053984
	cut_radius	34.692537
	cut_radius_kpc	173.268249
	v_disp		84.038562
	mag		19.419147
	z_lens		0.356000
	end
potential
38
	profile		81
	x_centre	6.833873
	y_centre	-13.403880
	ellipticity	0.051559
	angle_pos	85.139999
	core_radius	0.010629
	core_radius_kpc	0.053084
	cut_radius	34.114677
	cut_radius_kpc	170.382186
	v_disp		83.335724
	mag		19.455621
	z_lens		0.356000
	end
potential
39
	profile		81
	x_centre	-56.239621
	y_centre	-14.685480
	ellipticity	0.285425
	angle_pos	-37.750000
	core_radius	0.010616
	core_radius_kpc	0.053020
	cut_radius	34.073431
	cut_radius_kpc	170.176186
	v_disp		83.285330
	mag		19.458248
	z_lens		0.356000
	end
potential
40
	profile		81
	x_centre	-29.524515
	y_centre	52.216920
	ellipticity	0.069272
	angle_pos	15.080000
	core_radius	0.010528
	core_radius_kpc	0.052579
	cut_radius	33.789695
	cut_radius_kpc	168.759095
	v_disp		82.937838
	mag		19.476406
	z_lens		0.356000
	end
potential
41
	profile		81
	x_centre	19.575862
	y_centre	-17.803080
	ellipticity	0.124883
	angle_pos	-30.950001
	core_radius	0.010446
	core_radius_kpc	0.052173
	cut_radius	33.528804
	cut_radius_kpc	167.456105
	v_disp		82.617036
	mag		19.493237
	z_lens		0.356000
	end
potential
42
	profile		81
	x_centre	5.917761
	y_centre	0.765720
	ellipticity	0.451471
	angle_pos	-18.889999
	core_radius	0.010380
	core_radius_kpc	0.051844
	cut_radius	33.317244
	cut_radius_kpc	166.399488
	v_disp		82.355975
	mag		19.506982
	z_lens		0.356000
	end
potential
43
	profile		81
	x_centre	-58.489720
	y_centre	-28.685880
	ellipticity	0.171798
	angle_pos	-53.020000
	core_radius	0.010254
	core_radius_kpc	0.051214
	cut_radius	32.912787
	cut_radius_kpc	164.379474
	v_disp		81.854566
	mag		19.533504
	z_lens		0.356000
	end
potential
44
	profile		81
	x_centre	-70.935982
	y_centre	-14.703480
	ellipticity	0.154486
	angle_pos	62.669998
	core_radius	0.010212
	core_radius_kpc	0.051004
	cut_radius	32.777865
	cut_radius_kpc	163.705619
	v_disp		81.686617
	mag		19.542424
	z_lens		0.356000
	end
potential
45
	profile		81
	x_centre	3.719092
	y_centre	40.455720
	ellipticity	0.044827
	angle_pos	-74.989998
	core_radius	0.010041
	core_radius_kpc	0.050148
	cut_radius	32.227415
	cut_radius_kpc	160.956451
	v_disp		80.997817
	mag		19.579200
	z_lens		0.356000
	end
potential
46
	profile		81
	x_centre	31.376025
	y_centre	24.997320
	ellipticity	0.411178
	angle_pos	-65.000000
	core_radius	0.010017
	core_radius_kpc	0.050027
	cut_radius	32.149755
	cut_radius_kpc	160.568587
	v_disp		80.900166
	mag		19.584439
	z_lens		0.356000
	end
potential
47
	profile		81
	x_centre	54.285249
	y_centre	-16.046280
	ellipticity	0.332573
	angle_pos	88.300003
	core_radius	0.009969
	core_radius_kpc	0.049787
	cut_radius	31.995689
	cut_radius_kpc	159.799121
	v_disp		80.706091
	mag		19.594870
	z_lens		0.356000
	end
potential
48
	profile		81
	x_centre	6.010979
	y_centre	-7.168680
	ellipticity	0.144842
	angle_pos	80.120003
	core_radius	0.009920
	core_radius_kpc	0.049544
	cut_radius	31.839590
	cut_radius_kpc	159.019501
	v_disp		80.508978
	mag		19.605490
	z_lens		0.356000
	end
potential
49
	profile		81
	x_centre	-5.875973
	y_centre	12.832920
	ellipticity	0.495919
	angle_pos	-67.260002
	core_radius	0.009878
	core_radius_kpc	0.049335
	cut_radius	31.705022
	cut_radius_kpc	158.347418
	v_disp		80.338665
	mag		19.614687
	z_lens		0.356000
	end
potential
50
	profile		81
	x_centre	-36.168736
	y_centre	2.655720
	ellipticity	0.389026
	angle_pos	-28.400000
	core_radius	0.009803
	core_radius_kpc	0.048961
	cut_radius	31.465009
	cut_radius_kpc	157.148698
	v_disp		80.033998
	mag		19.631188
	z_lens		0.356000
	end
potential
51
	profile		81
	x_centre	-68.914108
	y_centre	-1.599480
	ellipticity	0.660742
	angle_pos	79.949997
	core_radius	0.009591
	core_radius_kpc	0.047899
	cut_radius	30.782115
	cut_radius_kpc	153.738056
	v_disp		79.160734
	mag		19.678835
	z_lens		0.356000
	end
potential
52
	profile		81
	x_centre	0.906469
	y_centre	1.244520
	ellipticity	0.400763
	angle_pos	33.790001
	core_radius	0.009218
	core_radius_kpc	0.046038
	cut_radius	29.586587
	cut_radius_kpc	147.767112
	v_disp		77.608272
	mag		19.764853
	z_lens		0.356000
	end
potential
53
	profile		81
	x_centre	1.015759
	y_centre	0.920520
	ellipticity	0.168189
	angle_pos	57.400002
	core_radius	0.009160
	core_radius_kpc	0.045750
	cut_radius	29.401201
	cut_radius_kpc	146.841221
	v_disp		77.364747
	mag		19.778502
	z_lens		0.356000
	end
potential
54
	profile		81
	x_centre	10.617253
	y_centre	33.363720
	ellipticity	0.310040
	angle_pos	50.080002
	core_radius	0.008979
	core_radius_kpc	0.044847
	cut_radius	28.821081
	cut_radius_kpc	143.943874
	v_disp		76.597697
	mag		19.821776
	z_lens		0.356000
	end
potential
55
	profile		81
	x_centre	15.461395
	y_centre	-67.367880
	ellipticity	0.403543
	angle_pos	-52.709999
	core_radius	0.008923
	core_radius_kpc	0.044564
	cut_radius	28.638777
	cut_radius_kpc	143.033375
	v_disp		76.355058
	mag		19.835555
	z_lens		0.356000
	end
potential
56
	profile		81
	x_centre	-2.886556
	y_centre	-5.509080
	ellipticity	0.133428
	angle_pos	-24.180000
	core_radius	0.008892
	core_radius_kpc	0.044408
	cut_radius	28.538692
	cut_radius_kpc	142.533512
	v_disp		76.221521
	mag		19.843157
	z_lens		0.356000
	end
potential
57
	profile		81
	x_centre	-16.782525
	y_centre	15.180120
	ellipticity	0.315085
	angle_pos	-62.380001
	core_radius	0.008867
	core_radius_kpc	0.044284
	cut_radius	28.459067
	cut_radius_kpc	142.135835
	v_disp		76.115116
	mag		19.849224
	z_lens		0.356000
	end
potential
58
	profile		81
	x_centre	-16.940032
	y_centre	-0.908280
	ellipticity	0.332740
	angle_pos	-60.660000
	core_radius	0.008574
	core_radius_kpc	0.042822
	cut_radius	27.519343
	cut_radius_kpc	137.442481
	v_disp		74.847899
	mag		19.922137
	z_lens		0.356000
	end
potential
59
	profile		81
	x_centre	-18.560103
	y_centre	-50.685480
	ellipticity	0.609320
	angle_pos	53.310001
	core_radius	0.008369
	core_radius_kpc	0.041799
	cut_radius	26.861958
	cut_radius_kpc	134.159239
	v_disp		73.948507
	mag		19.974639
	z_lens		0.356000
	end
potential
60
	profile		81
	x_centre	65.735039
	y_centre	-21.856680
	ellipticity	0.136590
	angle_pos	79.589996
	core_radius	0.008036
	core_radius_kpc	0.040133
	cut_radius	25.791682
	cut_radius_kpc	128.813858
	v_disp		72.460347
	mag		20.062929
	z_lens		0.356000
	end
potential
61
	profile		81
	x_centre	-2.523325
	y_centre	-4.882680
	ellipticity	0.110619
	angle_pos	-34.619999
	core_radius	0.007914
	core_radius_kpc	0.039526
	cut_radius	25.401412
	cut_radius_kpc	126.864697
	v_disp		71.910037
	mag		20.096038
	z_lens		0.356000
	end
potential
62
	profile		81
	x_centre	34.953683
	y_centre	-19.707480
	ellipticity	0.335807
	angle_pos	-42.330002
	core_radius	0.007902
	core_radius_kpc	0.039467
	cut_radius	25.363505
	cut_radius_kpc	126.675371
	v_disp		71.856360
	mag		20.099281
	z_lens		0.356000
	end
potential
63
	profile		81
	x_centre	31.205661
	y_centre	22.981320
	ellipticity	0.916805
	angle_pos	70.000000
	core_radius	0.007826
	core_radius_kpc	0.039086
	cut_radius	25.118556
	cut_radius_kpc	125.451999
	v_disp		71.508540
	mag		20.120354
	z_lens		0.356000
	end
potential
64
	profile		81
	x_centre	-14.644931
	y_centre	-34.924680
	ellipticity	0.164183
	angle_pos	33.930000
	core_radius	0.007785
	core_radius_kpc	0.038881
	cut_radius	24.986617
	cut_radius_kpc	124.793046
	v_disp		71.320489
	mag		20.131790
	z_lens		0.356000
	end
potential
65
	profile		81
	x_centre	-32.719656
	y_centre	-40.630680
	ellipticity	0.311323
	angle_pos	52.349998
	core_radius	0.007740
	core_radius_kpc	0.038655
	cut_radius	24.841743
	cut_radius_kpc	124.069487
	v_disp		71.113428
	mag		20.144417
	z_lens		0.356000
	end
potential
66
	profile		81
	x_centre	5.650963
	y_centre	0.103320
	ellipticity	0.216317
	angle_pos	-53.400002
	core_radius	0.007699
	core_radius_kpc	0.038452
	cut_radius	24.710997
	cut_radius_kpc	123.416489
	v_disp		70.926040
	mag		20.155876
	z_lens		0.356000
	end
potential
67
	profile		81
	x_centre	18.042581
	y_centre	29.220120
	ellipticity	0.189111
	angle_pos	-16.590000
	core_radius	0.007557
	core_radius_kpc	0.037742
	cut_radius	24.254608
	cut_radius_kpc	121.137104
	v_disp		70.268019
	mag		20.196356
	z_lens		0.356000
	end
potential
68
	profile		81
	x_centre	-11.472291
	y_centre	30.476520
	ellipticity	0.189539
	angle_pos	84.220001
	core_radius	0.007549
	core_radius_kpc	0.037705
	cut_radius	24.230862
	cut_radius_kpc	121.018506
	v_disp		70.233613
	mag		20.198483
	z_lens		0.356000
	end
potential
69
	profile		81
	x_centre	-53.079838
	y_centre	-2.953080
	ellipticity	0.088177
	angle_pos	83.739998
	core_radius	0.007544
	core_radius_kpc	0.037678
	cut_radius	24.213896
	cut_radius_kpc	120.933769
	v_disp		70.209020
	mag		20.200004
	z_lens		0.356000
	end
potential
70
	profile		81
	x_centre	-18.794757
	y_centre	18.513720
	ellipticity	0.080421
	angle_pos	-68.250000
	core_radius	0.007206
	core_radius_kpc	0.035989
	cut_radius	23.128447
	cut_radius_kpc	115.512607
	v_disp		68.617329
	mag		20.299595
	z_lens		0.356000
	end
potential
71
	profile		81
	x_centre	39.183869
	y_centre	10.546920
	ellipticity	0.198956
	angle_pos	-80.970001
	core_radius	0.007203
	core_radius_kpc	0.035973
	cut_radius	23.118128
	cut_radius_kpc	115.461072
	v_disp		68.602021
	mag		20.300564
	z_lens		0.356000
	end
potential
72
	profile		81
	x_centre	15.072450
	y_centre	-12.482280
	ellipticity	0.042534
	angle_pos	-68.620003
	core_radius	0.007087
	core_radius_kpc	0.035393
	cut_radius	22.745604
	cut_radius_kpc	113.600538
	v_disp		68.047051
	mag		20.335840
	z_lens		0.356000
	end
potential
73
	profile		81
	x_centre	44.182304
	y_centre	-12.435480
	ellipticity	0.499371
	angle_pos	35.459999
	core_radius	0.007007
	core_radius_kpc	0.034994
	cut_radius	22.488592
	cut_radius_kpc	112.316920
	v_disp		67.661514
	mag		20.360516
	z_lens		0.356000
	end
potential
74
	profile		81
	x_centre	-50.884385
	y_centre	-1.977480
	ellipticity	0.228255
	angle_pos	43.590000
	core_radius	0.006974
	core_radius_kpc	0.034830
	cut_radius	22.383782
	cut_radius_kpc	111.793457
	v_disp		67.503659
	mag		20.370660
	z_lens		0.356000
	end
potential
75
	profile		81
	x_centre	32.272850
	y_centre	-56.614680
	ellipticity	0.456036
	angle_pos	-42.470001
	core_radius	0.006877
	core_radius_kpc	0.034346
	cut_radius	22.072700
	cut_radius_kpc	110.239792
	v_disp		67.032947
	mag		20.401050
	z_lens		0.356000
	end
potential
76
	profile		81
	x_centre	30.749212
	y_centre	45.448920
	ellipticity	0.019843
	angle_pos	61.820000
	core_radius	0.006833
	core_radius_kpc	0.034128
	cut_radius	21.932193
	cut_radius_kpc	109.538045
	v_disp		66.819252
	mag		20.414917
	z_lens		0.356000
	end
potential
77
	profile		81
	x_centre	-15.307103
	y_centre	-3.971880
	ellipticity	0.224401
	angle_pos	-58.490002
	core_radius	0.006692
	core_radius_kpc	0.033423
	cut_radius	21.479159
	cut_radius_kpc	107.275411
	v_disp		66.125537
	mag		20.460241
	z_lens		0.356000
	end
potential
78
	profile		81
	x_centre	-27.943017
	y_centre	17.862120
	ellipticity	0.195826
	angle_pos	80.720001
	core_radius	0.006659
	core_radius_kpc	0.033257
	cut_radius	21.372861
	cut_radius_kpc	106.744519
	v_disp		65.961711
	mag		20.471014
	z_lens		0.356000
	end
potential
79
	profile		81
	x_centre	15.204241
	y_centre	39.480120
	ellipticity	0.338159
	angle_pos	-44.419998
	core_radius	0.006353
	core_radius_kpc	0.031730
	cut_radius	20.391279
	cut_radius_kpc	101.842110
	v_disp		64.429211
	mag		20.573105
	z_lens		0.356000
	end
potential
80
	profile		81
	x_centre	56.040326
	y_centre	-40.763880
	ellipticity	0.642985
	angle_pos	29.389999
	core_radius	0.006316
	core_radius_kpc	0.031543
	cut_radius	20.271172
	cut_radius_kpc	101.242250
	v_disp		64.239183
	mag		20.585933
	z_lens		0.356000
	end
potential
81
	profile		81
	x_centre	-28.020163
	y_centre	26.116920
	ellipticity	0.217345
	angle_pos	-83.989998
	core_radius	0.006314
	core_radius_kpc	0.031534
	cut_radius	20.265488
	cut_radius_kpc	101.213860
	v_disp		64.230176
	mag		20.586542
	z_lens		0.356000
	end
potential
82
	profile		81
	x_centre	2.426893
	y_centre	0.351720
	ellipticity	0.525426
	angle_pos	-0.540000
	core_radius	0.006180
	core_radius_kpc	0.030865
	cut_radius	19.835332
	cut_radius_kpc	99.065489
	v_disp		63.544843
	mag		20.633130
	z_lens		0.356000
	end
potential
83
	profile		81
	x_centre	-7.235676
	y_centre	-6.470280
	ellipticity	0.064906
	angle_pos	72.040001
	core_radius	0.006165
	core_radius_kpc	0.030789
	cut_radius	19.786358
	cut_radius_kpc	98.820896
	v_disp		63.466348
	mag		20.638498
	z_lens		0.356000
	end
potential
84
	profile		81
	x_centre	53.282347
	y_centre	-34.910280
	ellipticity	0.211120
	angle_pos	-72.099998
	core_radius	0.006063
	core_radius_kpc	0.030280
	cut_radius	19.459535
	cut_radius_kpc	97.188614
	v_disp		62.940011
	mag		20.674665
	z_lens		0.356000
	end
potential
85
	profile		81
	x_centre	52.523743
	y_centre	-24.164280
	ellipticity	0.211186
	angle_pos	-51.939999
	core_radius	0.006061
	core_radius_kpc	0.030273
	cut_radius	19.454885
	cut_radius_kpc	97.165387
	v_disp		62.932489
	mag		20.675184
	z_lens		0.356000
	end
potential
86
	profile		81
	x_centre	3.506940
	y_centre	22.056120
	ellipticity	0.226441
	angle_pos	89.400002
	core_radius	0.006034
	core_radius_kpc	0.030134
	cut_radius	19.365507
	cut_radius_kpc	96.718998
	v_disp		62.787763
	mag		20.685183
	z_lens		0.356000
	end
potential
87
	profile		81
	x_centre	-28.370536
	y_centre	-17.029080
	ellipticity	0.033834
	angle_pos	-79.800003
	core_radius	0.005790
	core_radius_kpc	0.028920
	cut_radius	18.585133
	cut_radius_kpc	92.821501
	v_disp		61.509672
	mag		20.774499
	z_lens		0.356000
	end
potential
88
	profile		81
	x_centre	-44.995554
	y_centre	-4.699080
	ellipticity	0.368288
	angle_pos	74.430000
	core_radius	0.005750
	core_radius_kpc	0.028716
	cut_radius	18.454610
	cut_radius_kpc	92.169618
	v_disp		61.293301
	mag		20.789803
	z_lens		0.356000
	end
potential
89
	profile		81
	x_centre	-44.458744
	y_centre	-24.661080
	ellipticity	0.415219
	angle_pos	-13.000000
	core_radius	0.005668
	core_radius_kpc	0.028306
	cut_radius	18.190753
	cut_radius_kpc	90.851811
	v_disp		60.853549
	mag		20.821074
	z_lens		0.356000
	end
potential
90
	profile		81
	x_centre	2.545826
	y_centre	20.472120
	ellipticity	0.020948
	angle_pos	-64.629997
	core_radius	0.005541
	core_radius_kpc	0.027675
	cut_radius	17.785319
	cut_radius_kpc	88.826917
	v_disp		60.171579
	mag		20.870019
	z_lens		0.356000
	end
potential
91
	profile		81
	x_centre	-6.390282
	y_centre	69.972120
	ellipticity	0.547717
	angle_pos	61.860001
	core_radius	0.005530
	core_radius_kpc	0.027617
	cut_radius	17.747838
	cut_radius_kpc	88.639722
	v_disp		60.108143
	mag		20.874600
	z_lens		0.356000
	end
potential
92
	profile		81
	x_centre	-36.467678
	y_centre	7.166520
	ellipticity	0.330655
	angle_pos	79.529999
	core_radius	0.005518
	core_radius_kpc	0.027560
	cut_radius	17.711668
	cut_radius_kpc	88.459074
	v_disp		60.046861
	mag		20.879030
	z_lens		0.356000
	end
potential
93
	profile		81
	x_centre	-59.174393
	y_centre	-31.976280
	ellipticity	0.473399
	angle_pos	-71.989998
	core_radius	0.005407
	core_radius_kpc	0.027005
	cut_radius	17.354802
	cut_radius_kpc	86.676744
	v_disp		59.438852
	mag		20.923229
	z_lens		0.356000
	end
potential
94
	profile		81
	x_centre	-61.768436
	y_centre	-28.855080
	ellipticity	0.219474
	angle_pos	-87.500000
	core_radius	0.005371
	core_radius_kpc	0.026827
	cut_radius	17.240246
	cut_radius_kpc	86.104607
	v_disp		59.242355
	mag		20.937610
	z_lens		0.356000
	end
potential
95
	profile		81
	x_centre	6.509215
	y_centre	-29.204280
	ellipticity	0.088388
	angle_pos	-3.260000
	core_radius	0.005222
	core_radius_kpc	0.026082
	cut_radius	16.761461
	cut_radius_kpc	83.713363
	v_disp		58.413942
	mag		20.998768
	z_lens		0.356000
	end
potential
96
	profile		81
	x_centre	8.717527
	y_centre	-42.823080
	ellipticity	0.535904
	angle_pos	52.080002
	core_radius	0.005112
	core_radius_kpc	0.025533
	cut_radius	16.408983
	cut_radius_kpc	81.952949
	v_disp		57.796483
	mag		21.044919
	z_lens		0.356000
	end
potential
97
	profile		81
	x_centre	-9.456845
	y_centre	-61.222680
	ellipticity	0.518018
	angle_pos	15.930000
	core_radius	0.005009
	core_radius_kpc	0.025016
	cut_radius	16.076417
	cut_radius_kpc	80.291983
	v_disp		57.207795
	mag		21.089381
	z_lens		0.356000
	end
potential
98
	profile		81
	x_centre	19.906948
	y_centre	-43.481880
	ellipticity	0.606273
	angle_pos	-17.389999
	core_radius	0.004990
	core_radius_kpc	0.024923
	cut_radius	16.016981
	cut_radius_kpc	79.995137
	v_disp		57.101946
	mag		21.097424
	z_lens		0.356000
	end
potential
99
	profile		81
	x_centre	12.774134
	y_centre	-14.156280
	ellipticity	0.159628
	angle_pos	42.419998
	core_radius	0.004983
	core_radius_kpc	0.024886
	cut_radius	15.992835
	cut_radius_kpc	79.874543
	v_disp		57.058889
	mag		21.100700
	z_lens		0.356000
	end
potential
100
	profile		81
	x_centre	-6.907804
	y_centre	9.384120
	ellipticity	0.298466
	angle_pos	-53.029999
	core_radius	0.004956
	core_radius_kpc	0.024753
	cut_radius	15.907776
	cut_radius_kpc	79.449723
	v_disp		56.906950
	mag		21.112280
	z_lens		0.356000
	end
potential
101
	profile		81
	x_centre	17.396481
	y_centre	10.759320
	ellipticity	0.603298
	angle_pos	79.000000
	core_radius	0.004878
	core_radius_kpc	0.024364
	cut_radius	15.657199
	cut_radius_kpc	78.198241
	v_disp		56.456976
	mag		21.146757
	z_lens		0.356000
	end
potential
102
	profile		81
	x_centre	-55.468158
	y_centre	8.764920
	ellipticity	0.647480
	angle_pos	77.160004
	core_radius	0.004796
	core_radius_kpc	0.023951
	cut_radius	15.391859
	cut_radius_kpc	76.873028
	v_disp		55.976548
	mag		21.183872
	z_lens		0.356000
	end
potential
103
	profile		81
	x_centre	-5.599532
	y_centre	-48.151080
	ellipticity	0.277391
	angle_pos	41.470001
	core_radius	0.004682
	core_radius_kpc	0.023384
	cut_radius	15.027511
	cut_radius_kpc	75.053334
	v_disp		55.310058
	mag		21.235892
	z_lens		0.356000
	end
potential
104
	profile		81
	x_centre	32.668225
	y_centre	27.315720
	ellipticity	0.882353
	angle_pos	5.000000
	core_radius	0.004669
	core_radius_kpc	0.023318
	cut_radius	14.985322
	cut_radius_kpc	74.842621
	v_disp		55.232361
	mag		21.241997
	z_lens		0.356000
	end
potential
105
	profile		81
	x_centre	21.186291
	y_centre	36.686520
	ellipticity	0.111060
	angle_pos	-64.459999
	core_radius	0.004649
	core_radius_kpc	0.023217
	cut_radius	14.920441
	cut_radius_kpc	74.518583
	v_disp		55.112665
	mag		21.251419
	z_lens		0.356000
	end
potential
106
	profile		81
	x_centre	0.855038
	y_centre	-6.625080
	ellipticity	0.450801
	angle_pos	82.080002
	core_radius	0.004638
	core_radius_kpc	0.023166
	cut_radius	14.887894
	cut_radius_kpc	74.356029
	v_disp		55.052521
	mag		21.256161
	z_lens		0.356000
	end
potential
107
	profile		81
	x_centre	63.523513
	y_centre	19.255320
	ellipticity	0.149945
	angle_pos	-41.959999
	core_radius	0.004577
	core_radius_kpc	0.022860
	cut_radius	14.691092
	cut_radius_kpc	73.373120
	v_disp		54.687442
	mag		21.285057
	z_lens		0.356000
	end
potential
108
	profile		81
	x_centre	24.847523
	y_centre	-40.151880
	ellipticity	0.155661
	angle_pos	-6.990000
	core_radius	0.004555
	core_radius_kpc	0.022748
	cut_radius	14.618717
	cut_radius_kpc	73.011654
	v_disp		54.552570
	mag		21.295781
	z_lens		0.356000
	end
potential
109
	profile		81
	x_centre	-64.339977
	y_centre	-18.742680
	ellipticity	0.543004
	angle_pos	-80.839996
	core_radius	0.004509
	core_radius_kpc	0.022521
	cut_radius	14.472883
	cut_radius_kpc	72.283302
	v_disp		54.279784
	mag		21.317552
	z_lens		0.356000
	end
potential
110
	profile		81
	x_centre	54.031309
	y_centre	17.394120
	ellipticity	0.065678
	angle_pos	35.759998
	core_radius	0.004432
	core_radius_kpc	0.022136
	cut_radius	14.225923
	cut_radius_kpc	71.049886
	v_disp		53.814686
	mag		21.354925
	z_lens		0.356000
	end
potential
111
	profile		81
	x_centre	-11.218351
	y_centre	-18.955080
	ellipticity	0.164061
	angle_pos	-27.719999
	core_radius	0.004426
	core_radius_kpc	0.022106
	cut_radius	14.206257
	cut_radius_kpc	70.951664
	v_disp		53.777476
	mag		21.357929
	z_lens		0.356000
	end
potential
112
	profile		81
	x_centre	-9.668997
	y_centre	24.399720
	ellipticity	0.152726
	angle_pos	13.560000
	core_radius	0.004386
	core_radius_kpc	0.021903
	cut_radius	14.076020
	cut_radius_kpc	70.301208
	v_disp		53.530403
	mag		21.377928
	z_lens		0.356000
	end
potential
113
	profile		81
	x_centre	0.790749
	y_centre	-41.203080
	ellipticity	0.158988
	angle_pos	-81.029999
	core_radius	0.004344
	core_radius_kpc	0.021698
	cut_radius	13.943971
	cut_radius_kpc	69.641704
	v_disp		53.278724
	mag		21.398395
	z_lens		0.356000
	end
potential
114
	profile		81
	x_centre	4.181970
	y_centre	-28.232280
	ellipticity	0.114452
	angle_pos	-89.169998
	core_radius	0.004247
	core_radius_kpc	0.021211
	cut_radius	13.631501
	cut_radius_kpc	68.081104
	v_disp		52.678380
	mag		21.447609
	z_lens		0.356000
	end
potential
115
	profile		81
	x_centre	49.142165
	y_centre	12.577320
	ellipticity	0.045861
	angle_pos	20.700001
	core_radius	0.004129
	core_radius_kpc	0.020624
	cut_radius	13.254119
	cut_radius_kpc	66.196311
	v_disp		51.944074
	mag		21.508573
	z_lens		0.356000
	end
potential
116
	profile		81
	x_centre	16.763239
	y_centre	-12.817080
	ellipticity	0.068822
	angle_pos	-2.630000
	core_radius	0.003908
	core_radius_kpc	0.019520
	cut_radius	12.544700
	cut_radius_kpc	62.653190
	v_disp		50.534819
	mag		21.628026
	z_lens		0.356000
	end
potential
117
	profile		81
	x_centre	13.635601
	y_centre	-23.620680
	ellipticity	0.036077
	angle_pos	83.129997
	core_radius	0.003888
	core_radius_kpc	0.019419
	cut_radius	12.479646
	cut_radius_kpc	62.328286
	v_disp		50.403618
	mag		21.639316
	z_lens		0.356000
	end
potential
118
	profile		81
	x_centre	-61.186624
	y_centre	1.467720
	ellipticity	0.200653
	angle_pos	34.540001
	core_radius	0.003806
	core_radius_kpc	0.019010
	cut_radius	12.216637
	cut_radius_kpc	61.014715
	v_disp		49.869661
	mag		21.685569
	z_lens		0.356000
	end
potential
119
	profile		81
	x_centre	-18.508673
	y_centre	-42.607080
	ellipticity	0.252996
	angle_pos	46.380001
	core_radius	0.003712
	core_radius_kpc	0.018539
	cut_radius	11.914068
	cut_radius_kpc	59.503565
	v_disp		49.248228
	mag		21.740027
	z_lens		0.356000
	end
potential
120
	profile		81
	x_centre	-44.854119
	y_centre	39.678120
	ellipticity	0.476250
	angle_pos	19.480000
	core_radius	0.003679
	core_radius_kpc	0.018374
	cut_radius	11.808009
	cut_radius_kpc	58.973864
	v_disp		49.028534
	mag		21.759444
	z_lens		0.356000
	end
potential
121
	profile		81
	x_centre	41.938633
	y_centre	-34.852680
	ellipticity	0.169592
	angle_pos	82.699997
	core_radius	0.003659
	core_radius_kpc	0.018272
	cut_radius	11.742373
	cut_radius_kpc	58.646053
	v_disp		48.892080
	mag		21.771548
	z_lens		0.356000
	end
potential
122
	profile		81
	x_centre	48.454278
	y_centre	-47.179080
	ellipticity	0.263328
	angle_pos	-47.700001
	core_radius	0.003624
	core_radius_kpc	0.018102
	cut_radius	11.633336
	cut_radius_kpc	58.101479
	v_disp		48.664550
	mag		21.791806
	z_lens		0.356000
	end
potential
123
	profile		81
	x_centre	18.000793
	y_centre	-54.375480
	ellipticity	0.642014
	angle_pos	-87.120003
	core_radius	0.003618
	core_radius_kpc	0.018072
	cut_radius	11.614236
	cut_radius_kpc	58.006089
	v_disp		48.624585
	mag		21.795374
	z_lens		0.356000
	end
potential
124
	profile		81
	x_centre	42.922248
	y_centre	-8.407080
	ellipticity	0.141221
	angle_pos	83.830002
	core_radius	0.003597
	core_radius_kpc	0.017965
	cut_radius	11.545365
	cut_radius_kpc	57.662117
	v_disp		48.480201
	mag		21.808289
	z_lens		0.356000
	end
potential
125
	profile		81
	x_centre	27.579786
	y_centre	12.728520
	ellipticity	0.506962
	angle_pos	-33.709999
	core_radius	0.003461
	core_radius_kpc	0.017286
	cut_radius	11.109120
	cut_radius_kpc	55.483339
	v_disp		47.555463
	mag		21.891929
	z_lens		0.356000
	end
potential
126
	profile		81
	x_centre	59.270826
	y_centre	-32.725080
	ellipticity	0.289368
	angle_pos	-12.700000
	core_radius	0.003376
	core_radius_kpc	0.016863
	cut_radius	10.837130
	cut_radius_kpc	54.124910
	v_disp		46.969692
	mag		21.945756
	z_lens		0.356000
	end
potential
127
	profile		81
	x_centre	-47.856394
	y_centre	40.776120
	ellipticity	0.124257
	angle_pos	-64.510002
	core_radius	0.003295
	core_radius_kpc	0.016458
	cut_radius	10.576809
	cut_radius_kpc	52.824767
	v_disp		46.402129
	mag		21.998554
	z_lens		0.356000
	end
potential
128
	profile		81
	x_centre	-30.614206
	y_centre	57.717720
	ellipticity	0.052137
	angle_pos	-43.509998
	core_radius	0.003269
	core_radius_kpc	0.016329
	cut_radius	10.494082
	cut_radius_kpc	52.411596
	v_disp		46.220305
	mag		22.015605
	z_lens		0.356000
	end
potential
129
	profile		81
	x_centre	0.144649
	y_centre	69.694920
	ellipticity	0.089576
	angle_pos	-82.269997
	core_radius	0.003252
	core_radius_kpc	0.016244
	cut_radius	10.439095
	cut_radius_kpc	52.136970
	v_disp		46.099054
	mag		22.027013
	z_lens		0.356000
	end
potential
130
	profile		81
	x_centre	-67.120457
	y_centre	-7.550280
	ellipticity	0.349272
	angle_pos	8.180000
	core_radius	0.003227
	core_radius_kpc	0.016115
	cut_radius	10.356063
	cut_radius_kpc	51.722271
	v_disp		45.915351
	mag		22.044354
	z_lens		0.356000
	end
potential
131
	profile		81
	x_centre	-25.734705
	y_centre	-27.130680
	ellipticity	0.520909
	angle_pos	46.980000
	core_radius	0.003180
	core_radius_kpc	0.015884
	cut_radius	10.208132
	cut_radius_kpc	50.983446
	v_disp		45.586234
	mag		22.075596
	z_lens		0.356000
	end
potential
132
	profile		81
	x_centre	-33.748273
	y_centre	72.132120
	ellipticity	0.193037
	angle_pos	78.019997
	core_radius	0.003163
	core_radius_kpc	0.015798
	cut_radius	10.152403
	cut_radius_kpc	50.705117
	v_disp		45.461631
	mag		22.087483
	z_lens		0.356000
	end
potential
133
	profile		81
	x_centre	27.782295
	y_centre	14.218920
	ellipticity	0.206369
	angle_pos	58.080002
	core_radius	0.003144
	core_radius_kpc	0.015703
	cut_radius	10.091480
	cut_radius_kpc	50.400841
	v_disp		45.325021
	mag		22.100553
	z_lens		0.356000
	end
potential
134
	profile		81
	x_centre	-22.324198
	y_centre	55.280520
	ellipticity	0.035658
	angle_pos	49.639999
	core_radius	0.003130
	core_radius_kpc	0.015632
	cut_radius	10.045752
	cut_radius_kpc	50.172459
	v_disp		45.222213
	mag		22.110415
	z_lens		0.356000
	end
potential
135
	profile		81
	x_centre	45.024484
	y_centre	-7.420680
	ellipticity	0.741175
	angle_pos	56.360001
	core_radius	0.003101
	core_radius_kpc	0.015490
	cut_radius	9.954487
	cut_radius_kpc	49.716642
	v_disp		45.016322
	mag		22.130233
	z_lens		0.356000
	end
potential
136
	profile		81
	x_centre	30.726711
	y_centre	-25.694280
	ellipticity	0.378236
	angle_pos	-85.519997
	core_radius	0.003054
	core_radius_kpc	0.015254
	cut_radius	9.803010
	cut_radius_kpc	48.960110
	v_disp		44.672506
	mag		22.163530
	z_lens		0.356000
	end
potential
137
	profile		81
	x_centre	-6.788871
	y_centre	-25.953480
	ellipticity	0.078263
	angle_pos	15.660000
	core_radius	0.003040
	core_radius_kpc	0.015185
	cut_radius	9.758455
	cut_radius_kpc	48.737583
	v_disp		44.570870
	mag		22.173422
	z_lens		0.356000
	end
potential
138
	profile		81
	x_centre	-31.951408
	y_centre	46.816920
	ellipticity	0.395069
	angle_pos	-9.800000
	core_radius	0.003011
	core_radius_kpc	0.015040
	cut_radius	9.665329
	cut_radius_kpc	48.272477
	v_disp		44.357689
	mag		22.194244
	z_lens		0.356000
	end
potential
139
	profile		81
	x_centre	-16.220000
	y_centre	27.225720
	ellipticity	0.036685
	angle_pos	-60.770000
	core_radius	0.002991
	core_radius_kpc	0.014940
	cut_radius	9.601318
	cut_radius_kpc	47.952780
	v_disp		44.210560
	mag		22.208673
	z_lens		0.356000
	end
potential
140
	profile		81
	x_centre	-7.987852
	y_centre	32.557320
	ellipticity	0.495892
	angle_pos	-12.330000
	core_radius	0.002980
	core_radius_kpc	0.014883
	cut_radius	9.564425
	cut_radius_kpc	47.768520
	v_disp		44.125538
	mag		22.217033
	z_lens		0.356000
	end
potential
141
	profile		81
	x_centre	-31.057797
	y_centre	-37.783080
	ellipticity	0.093322
	angle_pos	-73.430000
	core_radius	0.002892
	core_radius_kpc	0.014446
	cut_radius	9.283494
	cut_radius_kpc	46.365440
	v_disp		43.472670
	mag		22.281770
	z_lens		0.356000
	end
potential
142
	profile		81
	x_centre	3.863742
	y_centre	29.014920
	ellipticity	0.461584
	angle_pos	-63.720001
	core_radius	0.002858
	core_radius_kpc	0.014275
	cut_radius	9.173910
	cut_radius_kpc	45.818133
	v_disp		43.215328
	mag		22.307555
	z_lens		0.356000
	end
cline
	nplan		1 6.200000 
	dmax		0.000000
	algorithm		MARCHINGSQUARES
	limitHigh		0.500000
	limitLow		0.100000
	end
grande
	iso	0 0 1.000000 0.000000 0.000000
	name	best
	profile	0 0
	contour	0 0
	large_dist	2.000000
	end
cosmology
	model	1
	H0	70.000000
	omegaM	0.300000
	omegaX	0.700000
	omegaK	0.000000
	wX	-1.000000
	wa	0.000000
	kcourb	0.000000
	end
field
	xmin	-80.000000
	xmax	80.000000
	ymin	-80.000000
	ymax	80.000000
	end
finish
For z_s = 0.8000  DLS/DS:0.4989
DLS:0.1804(lt) 772.65(Mpc) DOS:0.3616(lt) 1548.71(Mpc)
DOL:0.2405(lt) 1030.17(Mpc) DOL_lum:0.4423(lt) 1894.21(Mpc)
Mcrit:3.235063e-03 (10^12 Msol/kpc^2)
Conversion Factor @ z = 0.356000, 1 arcsec == 4.994 kpc
Number of Clumps: 143
-------- Clump 1: PIEMD Kovner, truncated
 Total mass: 0.067903(cor) 0.061424 (10^12 M_sol)
 rcut:3.23(") 16.13(kpc)
 vdisp:58.96(km/s) b0:0.1504
 rc:0.00(") 0.01(kpc)
 rt:3.23(") 16.13(kpc)
 r_ct:0.0000 r_cr:0.0000
-------- Clump 2: PIEMD Kovner, truncated
 Total mass: 2231.668940(cor) 1940.227526 (10^12 M_sol)
 rcut:300.34(") 1500.00(kpc)
 vdisp:1108.42(km/s) b0:53.1489
 rc:12.34(") 61.65(kpc)
 rt:300.34(") 1500.00(kpc)
 r_ct:0.0000 r_cr:0.0000
-------- Clump 3: PIEMD Kovner, truncated
 Total mass: 91.758857(cor) 83.029125 (10^12 M_sol)
 rcut:97.63(") 487.59(kpc)
 vdisp:394.21(km/s) b0:6.7228
 rc:0.03(") 0.15(kpc)
 rt:97.63(") 487.59(kpc)
 r_ct:0.0000 r_cr:0.0000
-------- Clump 4: External shear and kappa 
 gamma:0.1259
 kappa:0.0000
-------- Clump 5: PIEMD Kovner, truncated
 Total mass: 6.815771(cor) 6.167310 (10^12 M_sol)
 rcut:74.40(") 371.60(kpc)
 vdisp:123.07(km/s) b0:0.6552
 rc:0.02(") 0.12(kpc)
 rt:74.40(") 371.60(kpc)
 r_ct:0.0000 r_cr:0.0000
-------- Clump 6: PIEMD Kovner, truncated
 Total mass: 6.785687(cor) 6.140088 (10^12 M_sol)
 rcut:74.24(") 370.78(kpc)
 vdisp:122.94(km/s) b0:0.6538
 rc:0.02(") 0.12(kpc)
 rt:74.24(") 370.78(kpc)
 r_ct:0.0000 r_cr:0.0000
-------- Clump 7: PIEMD Kovner, truncated
 Total mass: 6.054377(cor) 5.478355 (10^12 M_sol)
 rcut:70.12(") 350.23(kpc)
 vdisp:119.48(km/s) b0:0.6176
 rc:0.02(") 0.11(kpc)
 rt:70.12(") 350.23(kpc)
 r_ct:0.0000 r_cr:0.0000
-------- Clump 8: PIEMD Kovner, truncated
 Total mass: 6.030751(cor) 5.456978 (10^12 M_sol)
 rcut:69.99(") 349.54(kpc)
 vdisp:119.36(km/s) b0:0.6163
 rc:0.02(") 0.11(kpc)
 rt:69.99(") 349.54(kpc)
 r_ct:0.0000 r_cr:0.0000
-------- Clump 9: PIEMD Kovner, truncated
 Total mass: 5.301869(cor) 4.797443 (10^12 M_sol)
 rcut:65.62(") 327.74(kpc)
 vdisp:115.58(km/s) b0:0.5779
 rc:0.02(") 0.10(kpc)
 rt:65.62(") 327.74(kpc)
 r_ct:0.0000 r_cr:0.0000
-------- Clump 10: PIEMD Kovner, truncated
 Total mass: 5.002573(cor) 4.526622 (10^12 M_sol)
 rcut:63.74(") 318.36(kpc)
 vdisp:113.91(km/s) b0:0.5614
 rc:0.02(") 0.10(kpc)
 rt:63.74(") 318.36(kpc)
 r_ct:0.0000 r_cr:0.0000
-------- Clump 11: PIEMD Kovner, truncated
 Total mass: 4.915434(cor) 4.447773 (10^12 M_sol)
 rcut:63.19(") 315.57(kpc)
 vdisp:113.41(km/s) b0:0.5564
 rc:0.02(") 0.10(kpc)
 rt:63.19(") 315.57(kpc)
 r_ct:0.0000 r_cr:0.0000
-------- Clump 12: PIEMD Kovner, truncated
 Total mass: 4.361013(cor) 3.946101 (10^12 M_sol)
 rcut:59.52(") 297.24(kpc)
 vdisp:110.07(km/s) b0:0.5241
 rc:0.02(") 0.09(kpc)
 rt:59.52(") 297.24(kpc)
 r_ct:0.0000 r_cr:0.0000
-------- Clump 13: PIEMD Kovner, truncated
 Total mass: 4.324041(cor) 3.912646 (10^12 M_sol)
 rcut:59.26(") 295.98(kpc)
 vdisp:109.84(km/s) b0:0.5219
 rc:0.02(") 0.09(kpc)
 rt:59.26(") 295.98(kpc)
 r_ct:0.0000 r_cr:0.0000
-------- Clump 14: PIEMD Kovner, truncated
 Total mass: 3.666268(cor) 3.317455 (10^12 M_sol)
 rcut:54.57(") 272.54(kpc)
 vdisp:105.40(km/s) b0:0.4806
 rc:0.02(") 0.08(kpc)
 rt:54.57(") 272.54(kpc)
 r_ct:0.0000 r_cr:0.0000
-------- Clump 15: PIEMD Kovner, truncated
 Total mass: 3.449958(cor) 3.121725 (10^12 M_sol)
 rcut:52.93(") 264.38(kpc)
 vdisp:103.81(km/s) b0:0.4662
 rc:0.02(") 0.08(kpc)
 rt:52.93(") 264.38(kpc)
 r_ct:0.0000 r_cr:0.0000
-------- Clump 16: PIEMD Kovner, truncated
 Total mass: 3.393653(cor) 3.070776 (10^12 M_sol)
 rcut:52.50(") 262.21(kpc)
 vdisp:103.38(km/s) b0:0.4624
 rc:0.02(") 0.08(kpc)
 rt:52.50(") 262.21(kpc)
 r_ct:0.0000 r_cr:0.0000
-------- Clump 17: PIEMD Kovner, truncated
 Total mass: 3.152645(cor) 2.852698 (10^12 M_sol)
 rcut:50.60(") 252.73(kpc)
 vdisp:101.50(km/s) b0:0.4456
 rc:0.02(") 0.08(kpc)
 rt:50.60(") 252.73(kpc)
 r_ct:0.0000 r_cr:0.0000
-------- Clump 18: PIEMD Kovner, truncated
 Total mass: 2.938236(cor) 2.658688 (10^12 M_sol)
 rcut:48.85(") 243.98(kpc)
 vdisp:99.72(km/s) b0:0.4302
 rc:0.02(") 0.08(kpc)
 rt:48.85(") 243.98(kpc)
 r_ct:0.0000 r_cr:0.0000
-------- Clump 19: PIEMD Kovner, truncated
 Total mass: 2.766003(cor) 2.502842 (10^12 M_sol)
 rcut:47.40(") 236.72(kpc)
 vdisp:98.23(km/s) b0:0.4174
 rc:0.01(") 0.07(kpc)
 rt:47.40(") 236.72(kpc)
 r_ct:0.0000 r_cr:0.0000
-------- Clump 20: PIEMD Kovner, truncated
 Total mass: 2.511511(cor) 2.272562 (10^12 M_sol)
 rcut:45.16(") 225.57(kpc)
 vdisp:95.89(km/s) b0:0.3977
 rc:0.01(") 0.07(kpc)
 rt:45.16(") 225.57(kpc)
 r_ct:0.0000 r_cr:0.0000
-------- Clump 21: PIEMD Kovner, truncated
 Total mass: 2.475998(cor) 2.240428 (10^12 M_sol)
 rcut:44.84(") 223.97(kpc)
 vdisp:95.55(km/s) b0:0.3949
 rc:0.01(") 0.07(kpc)
 rt:44.84(") 223.97(kpc)
 r_ct:0.0000 r_cr:0.0000
-------- Clump 22: PIEMD Kovner, truncated
 Total mass: 2.384931(cor) 2.158026 (10^12 M_sol)
 rcut:44.01(") 219.81(kpc)
 vdisp:94.66(km/s) b0:0.3876
 rc:0.01(") 0.07(kpc)
 rt:44.01(") 219.81(kpc)
 r_ct:0.0000 r_cr:0.0000
-------- Clump 23: PIEMD Kovner, truncated
 Total mass: 2.297933(cor) 2.079305 (10^12 M_sol)
 rcut:43.20(") 215.77(kpc)
 vdisp:93.78(km/s) b0:0.3805
 rc:0.01(") 0.07(kpc)
 rt:43.20(") 215.77(kpc)
 r_ct:0.0000 r_cr:0.0000
-------- Clump 24: PIEMD Kovner, truncated
 Total mass: 2.282810(cor) 2.065621 (10^12 M_sol)
 rcut:43.06(") 215.06(kpc)
 vdisp:93.63(km/s) b0:0.3792
 rc:0.01(") 0.07(kpc)
 rt:43.06(") 215.06(kpc)
 r_ct:0.0000 r_cr:0.0000
-------- Clump 25: PIEMD Kovner, truncated
 Total mass: 2.223995(cor) 2.012401 (10^12 M_sol)
 rcut:42.50(") 212.27(kpc)
 vdisp:93.02(km/s) b0:0.3743
 rc:0.01(") 0.07(kpc)
 rt:42.50(") 212.27(kpc)
 r_ct:0.0000 r_cr:0.0000
-------- Clump 26: PIEMD Kovner, truncated
 Total mass: 2.199801(cor) 1.990509 (10^12 M_sol)
 rcut:42.27(") 211.11(kpc)
 vdisp:92.76(km/s) b0:0.3722
 rc:0.01(") 0.07(kpc)
 rt:42.27(") 211.11(kpc)
 r_ct:0.0000 r_cr:0.0000
-------- Clump 27: PIEMD Kovner, truncated
 Total mass: 2.159957(cor) 1.954455 (10^12 M_sol)
 rcut:41.88(") 209.19(kpc)
 vdisp:92.34(km/s) b0:0.3689
 rc:0.01(") 0.07(kpc)
 rt:41.88(") 209.19(kpc)
 r_ct:0.0000 r_cr:0.0000
-------- Clump 28: PIEMD Kovner, truncated
 Total mass: 2.134528(cor) 1.931446 (10^12 M_sol)
 rcut:41.64(") 207.95(kpc)
 vdisp:92.07(km/s) b0:0.3667
 rc:0.01(") 0.06(kpc)
 rt:41.64(") 207.95(kpc)
 r_ct:0.0000 r_cr:0.0000
-------- Clump 29: PIEMD Kovner, truncated
 Total mass: 2.127827(cor) 1.925382 (10^12 M_sol)
 rcut:41.57(") 207.63(kpc)
 vdisp:91.99(km/s) b0:0.3661
 rc:0.01(") 0.06(kpc)
 rt:41.57(") 207.63(kpc)
 r_ct:0.0000 r_cr:0.0000
-------- Clump 30: PIEMD Kovner, truncated
 Total mass: 2.078769(cor) 1.880992 (10^12 M_sol)
 rcut:41.09(") 205.22(kpc)
 vdisp:91.46(km/s) b0:0.3619
 rc:0.01(") 0.06(kpc)
 rt:41.09(") 205.22(kpc)
 r_ct:0.0000 r_cr:0.0000
-------- Clump 31: PIEMD Kovner, truncated
 Total mass: 1.966970(cor) 1.779830 (10^12 M_sol)
 rcut:39.97(") 199.63(kpc)
 vdisp:90.20(km/s) b0:0.3520
 rc:0.01(") 0.06(kpc)
 rt:39.97(") 199.63(kpc)
 r_ct:0.0000 r_cr:0.0000
-------- Clump 32: PIEMD Kovner, truncated
 Total mass: 1.958548(cor) 1.772209 (10^12 M_sol)
 rcut:39.88(") 199.20(kpc)
 vdisp:90.11(km/s) b0:0.3512
 rc:0.01(") 0.06(kpc)
 rt:39.88(") 199.20(kpc)
 r_ct:0.0000 r_cr:0.0000
-------- Clump 33: PIEMD Kovner, truncated
 Total mass: 1.887080(cor) 1.707540 (10^12 M_sol)
 rcut:39.15(") 195.53(kpc)
 vdisp:89.27(km/s) b0:0.3448
 rc:0.01(") 0.06(kpc)
 rt:39.15(") 195.53(kpc)
 r_ct:0.0000 r_cr:0.0000
-------- Clump 34: PIEMD Kovner, truncated
 Total mass: 1.827697(cor) 1.653808 (10^12 M_sol)
 rcut:38.53(") 192.43(kpc)
 vdisp:88.56(km/s) b0:0.3393
 rc:0.01(") 0.06(kpc)
 rt:38.53(") 192.43(kpc)
 r_ct:0.0000 r_cr:0.0000
-------- Clump 35: PIEMD Kovner, truncated
 Total mass: 1.694275(cor) 1.533079 (10^12 M_sol)
 rcut:37.10(") 185.27(kpc)
 vdisp:86.90(km/s) b0:0.3267
 rc:0.01(") 0.06(kpc)
 rt:37.10(") 185.27(kpc)
 r_ct:0.0000 r_cr:0.0000
-------- Clump 36: PIEMD Kovner, truncated
 Total mass: 1.680305(cor) 1.520439 (10^12 M_sol)
 rcut:36.94(") 184.51(kpc)
 vdisp:86.72(km/s) b0:0.3253
 rc:0.01(") 0.06(kpc)
 rt:36.94(") 184.51(kpc)
 r_ct:0.0000 r_cr:0.0000
-------- Clump 37: PIEMD Kovner, truncated
 Total mass: 1.679314(cor) 1.519542 (10^12 M_sol)
 rcut:36.93(") 184.45(kpc)
 vdisp:86.71(km/s) b0:0.3252
 rc:0.01(") 0.06(kpc)
 rt:36.93(") 184.45(kpc)
 r_ct:0.0000 r_cr:0.0000
-------- Clump 38: PIEMD Kovner, truncated
 Total mass: 1.481853(cor) 1.340867 (10^12 M_sol)
 rcut:34.69(") 173.27(kpc)
 vdisp:84.04(km/s) b0:0.3055
 rc:0.01(") 0.05(kpc)
 rt:34.69(") 173.27(kpc)
 r_ct:0.0000 r_cr:0.0000
-------- Clump 39: PIEMD Kovner, truncated
 Total mass: 1.432898(cor) 1.296571 (10^12 M_sol)
 rcut:34.11(") 170.38(kpc)
 vdisp:83.34(km/s) b0:0.3004
 rc:0.01(") 0.05(kpc)
 rt:34.11(") 170.38(kpc)
 r_ct:0.0000 r_cr:0.0000
-------- Clump 40: PIEMD Kovner, truncated
 Total mass: 1.429436(cor) 1.293437 (10^12 M_sol)
 rcut:34.07(") 170.18(kpc)
 vdisp:83.29(km/s) b0:0.3001
 rc:0.01(") 0.05(kpc)
 rt:34.07(") 170.18(kpc)
 r_ct:0.0000 r_cr:0.0000
-------- Clump 41: PIEMD Kovner, truncated
 Total mass: 1.405728(cor) 1.271986 (10^12 M_sol)
 rcut:33.79(") 168.76(kpc)
 vdisp:82.94(km/s) b0:0.2976
 rc:0.01(") 0.05(kpc)
 rt:33.79(") 168.76(kpc)
 r_ct:0.0000 r_cr:0.0000
-------- Clump 42: PIEMD Kovner, truncated
 Total mass: 1.384105(cor) 1.252419 (10^12 M_sol)
 rcut:33.53(") 167.46(kpc)
 vdisp:82.62(km/s) b0:0.2953
 rc:0.01(") 0.05(kpc)
 rt:33.53(") 167.46(kpc)
 r_ct:0.0000 r_cr:0.0000
-------- Clump 43: PIEMD Kovner, truncated
 Total mass: 1.366693(cor) 1.236664 (10^12 M_sol)
 rcut:33.32(") 166.40(kpc)
 vdisp:82.36(km/s) b0:0.2934
 rc:0.01(") 0.05(kpc)
 rt:33.32(") 166.40(kpc)
 r_ct:0.0000 r_cr:0.0000
-------- Clump 44: PIEMD Kovner, truncated
 Total mass: 1.333713(cor) 1.206821 (10^12 M_sol)
 rcut:32.91(") 164.38(kpc)
 vdisp:81.85(km/s) b0:0.2898
 rc:0.01(") 0.05(kpc)
 rt:32.91(") 164.38(kpc)
 r_ct:0.0000 r_cr:0.0000
-------- Clump 45: PIEMD Kovner, truncated
 Total mass: 1.322800(cor) 1.196947 (10^12 M_sol)
 rcut:32.78(") 163.71(kpc)
 vdisp:81.69(km/s) b0:0.2887
 rc:0.01(") 0.05(kpc)
 rt:32.78(") 163.71(kpc)
 r_ct:0.0000 r_cr:0.0000
-------- Clump 46: PIEMD Kovner, truncated
 Total mass: 1.278745(cor) 1.157083 (10^12 M_sol)
 rcut:32.23(") 160.96(kpc)
 vdisp:81.00(km/s) b0:0.2838
 rc:0.01(") 0.05(kpc)
 rt:32.23(") 160.96(kpc)
 r_ct:0.0000 r_cr:0.0000
-------- Clump 47: PIEMD Kovner, truncated
 Total mass: 1.272589(cor) 1.151513 (10^12 M_sol)
 rcut:32.15(") 160.57(kpc)
 vdisp:80.90(km/s) b0:0.2831
 rc:0.01(") 0.05(kpc)
 rt:32.15(") 160.57(kpc)
 r_ct:0.0000 r_cr:0.0000
-------- Clump 48: PIEMD Kovner, truncated
 Total mass: 1.260422(cor) 1.140503 (10^12 M_sol)
 rcut:32.00(") 159.80(kpc)
 vdisp:80.71(km/s) b0:0.2818
 rc:0.01(") 0.05(kpc)
 rt:32.00(") 159.80(kpc)
 r_ct:0.0000 r_cr:0.0000
-------- Clump 49: PIEMD Kovner, truncated
 Total mass: 1.248153(cor) 1.129402 (10^12 M_sol)
 rcut:31.84(") 159.02(kpc)
 vdisp:80.51(km/s) b0:0.2804
 rc:0.01(") 0.05(kpc)
 rt:31.84(") 159.02(kpc)
 r_ct:0.0000 r_cr:0.0000
-------- Clump 50: PIEMD Kovner, truncated
 Total mass: 1.237625(cor) 1.119876 (10^12 M_sol)
 rcut:31.71(") 158.35(kpc)
 vdisp:80.34(km/s) b0:0.2792
 rc:0.01(") 0.05(kpc)
 rt:31.71(") 158.35(kpc)
 r_ct:0.0000 r_cr:0.0000
-------- Clump 51: PIEMD Kovner, truncated
 Total mass: 1.218958(cor) 1.102984 (10^12 M_sol)
 rcut:31.47(") 157.15(kpc)
 vdisp:80.03(km/s) b0:0.2771
 rc:0.01(") 0.05(kpc)
 rt:31.47(") 157.15(kpc)
 r_ct:0.0000 r_cr:0.0000
-------- Clump 52: PIEMD Kovner, truncated
 Total mass: 1.166621(cor) 1.055627 (10^12 M_sol)
 rcut:30.78(") 153.74(kpc)
 vdisp:79.16(km/s) b0:0.2711
 rc:0.01(") 0.05(kpc)
 rt:30.78(") 153.74(kpc)
 r_ct:0.0000 r_cr:0.0000
-------- Clump 53: PIEMD Kovner, truncated
 Total mass: 1.077761(cor) 0.975222 (10^12 M_sol)
 rcut:29.59(") 147.77(kpc)
 vdisp:77.61(km/s) b0:0.2606
 rc:0.01(") 0.05(kpc)
 rt:29.59(") 147.77(kpc)
 r_ct:0.0000 r_cr:0.0000
-------- Clump 54: PIEMD Kovner, truncated
 Total mass: 1.064297(cor) 0.963039 (10^12 M_sol)
 rcut:29.40(") 146.84(kpc)
 vdisp:77.36(km/s) b0:0.2589
 rc:0.01(") 0.05(kpc)
 rt:29.40(") 146.84(kpc)
 r_ct:0.0000 r_cr:0.0000
-------- Clump 55: PIEMD Kovner, truncated
 Total mass: 1.022712(cor) 0.925410 (10^12 M_sol)
 rcut:28.82(") 143.94(kpc)
 vdisp:76.60(km/s) b0:0.2538
 rc:0.01(") 0.04(kpc)
 rt:28.82(") 143.94(kpc)
 r_ct:0.0000 r_cr:0.0000
-------- Clump 56: PIEMD Kovner, truncated
 Total mass: 1.009815(cor) 0.913740 (10^12 M_sol)
 rcut:28.64(") 143.03(kpc)
 vdisp:76.36(km/s) b0:0.2522
 rc:0.01(") 0.04(kpc)
 rt:28.64(") 143.03(kpc)
 r_ct:0.0000 r_cr:0.0000
-------- Clump 57: PIEMD Kovner, truncated
 Total mass: 1.002769(cor) 0.907365 (10^12 M_sol)
 rcut:28.54(") 142.53(kpc)
 vdisp:76.22(km/s) b0:0.2513
 rc:0.01(") 0.04(kpc)
 rt:28.54(") 142.53(kpc)
 r_ct:0.0000 r_cr:0.0000
-------- Clump 58: PIEMD Kovner, truncated
 Total mass: 0.997182(cor) 0.902308 (10^12 M_sol)
 rcut:28.46(") 142.14(kpc)
 vdisp:76.12(km/s) b0:0.2506
 rc:0.01(") 0.04(kpc)
 rt:28.46(") 142.14(kpc)
 r_ct:0.0000 r_cr:0.0000
-------- Clump 59: PIEMD Kovner, truncated
 Total mass: 0.932415(cor) 0.843703 (10^12 M_sol)
 rcut:27.52(") 137.44(kpc)
 vdisp:74.85(km/s) b0:0.2424
 rc:0.01(") 0.04(kpc)
 rt:27.52(") 137.44(kpc)
 r_ct:0.0000 r_cr:0.0000
-------- Clump 60: PIEMD Kovner, truncated
 Total mass: 0.888399(cor) 0.803876 (10^12 M_sol)
 rcut:26.86(") 134.16(kpc)
 vdisp:73.95(km/s) b0:0.2366
 rc:0.01(") 0.04(kpc)
 rt:26.86(") 134.16(kpc)
 r_ct:0.0000 r_cr:0.0000
-------- Clump 61: PIEMD Kovner, truncated
 Total mass: 0.819016(cor) 0.741093 (10^12 M_sol)
 rcut:25.79(") 128.81(kpc)
 vdisp:72.46(km/s) b0:0.2271
 rc:0.01(") 0.04(kpc)
 rt:25.79(") 128.81(kpc)
 r_ct:0.0000 r_cr:0.0000
-------- Clump 62: PIEMD Kovner, truncated
 Total mass: 0.794417(cor) 0.718835 (10^12 M_sol)
 rcut:25.40(") 126.86(kpc)
 vdisp:71.91(km/s) b0:0.2237
 rc:0.01(") 0.04(kpc)
 rt:25.40(") 126.86(kpc)
 r_ct:0.0000 r_cr:0.0000
-------- Clump 63: PIEMD Kovner, truncated
 Total mass: 0.792048(cor) 0.716691 (10^12 M_sol)
 rcut:25.36(") 126.68(kpc)
 vdisp:71.86(km/s) b0:0.2234
 rc:0.01(") 0.04(kpc)
 rt:25.36(") 126.68(kpc)
 r_ct:0.0000 r_cr:0.0000
-------- Clump 64: PIEMD Kovner, truncated
 Total mass: 0.776823(cor) 0.702915 (10^12 M_sol)
 rcut:25.12(") 125.45(kpc)
 vdisp:71.51(km/s) b0:0.2212
 rc:0.01(") 0.04(kpc)
 rt:25.12(") 125.45(kpc)
 r_ct:0.0000 r_cr:0.0000
-------- Clump 65: PIEMD Kovner, truncated
 Total mass: 0.768684(cor) 0.695550 (10^12 M_sol)
 rcut:24.99(") 124.79(kpc)
 vdisp:71.32(km/s) b0:0.2200
 rc:0.01(") 0.04(kpc)
 rt:24.99(") 124.79(kpc)
 r_ct:0.0000 r_cr:0.0000
-------- Clump 66: PIEMD Kovner, truncated
 Total mass: 0.759796(cor) 0.687508 (10^12 M_sol)
 rcut:24.84(") 124.07(kpc)
 vdisp:71.11(km/s) b0:0.2188
 rc:0.01(") 0.04(kpc)
 rt:24.84(") 124.07(kpc)
 r_ct:0.0000 r_cr:0.0000
-------- Clump 67: PIEMD Kovner, truncated
 Total mass: 0.751819(cor) 0.680290 (10^12 M_sol)
 rcut:24.71(") 123.42(kpc)
 vdisp:70.93(km/s) b0:0.2176
 rc:0.01(") 0.04(kpc)
 rt:24.71(") 123.42(kpc)
 r_ct:0.0000 r_cr:0.0000
-------- Clump 68: PIEMD Kovner, truncated
 Total mass: 0.724305(cor) 0.655394 (10^12 M_sol)
 rcut:24.25(") 121.14(kpc)
 vdisp:70.27(km/s) b0:0.2136
 rc:0.01(") 0.04(kpc)
 rt:24.25(") 121.14(kpc)
 r_ct:0.0000 r_cr:0.0000
-------- Clump 69: PIEMD Kovner, truncated
 Total mass: 0.722887(cor) 0.654111 (10^12 M_sol)
 rcut:24.23(") 121.02(kpc)
 vdisp:70.23(km/s) b0:0.2134
 rc:0.01(") 0.04(kpc)
 rt:24.23(") 121.02(kpc)
 r_ct:0.0000 r_cr:0.0000
-------- Clump 70: PIEMD Kovner, truncated
 Total mass: 0.721875(cor) 0.653195 (10^12 M_sol)
 rcut:24.21(") 120.93(kpc)
 vdisp:70.21(km/s) b0:0.2132
 rc:0.01(") 0.04(kpc)
 rt:24.21(") 120.93(kpc)
 r_ct:0.0000 r_cr:0.0000
-------- Clump 71: PIEMD Kovner, truncated
 Total mass: 0.658606(cor) 0.595946 (10^12 M_sol)
 rcut:23.13(") 115.51(kpc)
 vdisp:68.62(km/s) b0:0.2037
 rc:0.01(") 0.04(kpc)
 rt:23.13(") 115.51(kpc)
 r_ct:0.0000 r_cr:0.0000
-------- Clump 72: PIEMD Kovner, truncated
 Total mass: 0.658019(cor) 0.595414 (10^12 M_sol)
 rcut:23.12(") 115.46(kpc)
 vdisp:68.60(km/s) b0:0.2036
 rc:0.01(") 0.04(kpc)
 rt:23.12(") 115.46(kpc)
 r_ct:0.0000 r_cr:0.0000
-------- Clump 73: PIEMD Kovner, truncated
 Total mass: 0.636983(cor) 0.576380 (10^12 M_sol)
 rcut:22.75(") 113.60(kpc)
 vdisp:68.05(km/s) b0:0.2003
 rc:0.01(") 0.04(kpc)
 rt:22.75(") 113.60(kpc)
 r_ct:0.0000 r_cr:0.0000
-------- Clump 74: PIEMD Kovner, truncated
 Total mass: 0.622669(cor) 0.563428 (10^12 M_sol)
 rcut:22.49(") 112.32(kpc)
 vdisp:67.66(km/s) b0:0.1980
 rc:0.01(") 0.03(kpc)
 rt:22.49(") 112.32(kpc)
 r_ct:0.0000 r_cr:0.0000
-------- Clump 75: PIEMD Kovner, truncated
 Total mass: 0.616879(cor) 0.558188 (10^12 M_sol)
 rcut:22.38(") 111.79(kpc)
 vdisp:67.50(km/s) b0:0.1971
 rc:0.01(") 0.03(kpc)
 rt:22.38(") 111.79(kpc)
 r_ct:0.0000 r_cr:0.0000
-------- Clump 76: PIEMD Kovner, truncated
 Total mass: 0.599852(cor) 0.542781 (10^12 M_sol)
 rcut:22.07(") 110.24(kpc)
 vdisp:67.03(km/s) b0:0.1944
 rc:0.01(") 0.03(kpc)
 rt:22.07(") 110.24(kpc)
 r_ct:0.0000 r_cr:0.0000
-------- Clump 77: PIEMD Kovner, truncated
 Total mass: 0.592239(cor) 0.535893 (10^12 M_sol)
 rcut:21.93(") 109.54(kpc)
 vdisp:66.82(km/s) b0:0.1931
 rc:0.01(") 0.03(kpc)
 rt:21.93(") 109.54(kpc)
 r_ct:0.0000 r_cr:0.0000
-------- Clump 78: PIEMD Kovner, truncated
 Total mass: 0.568025(cor) 0.513982 (10^12 M_sol)
 rcut:21.48(") 107.28(kpc)
 vdisp:66.13(km/s) b0:0.1892
 rc:0.01(") 0.03(kpc)
 rt:21.48(") 107.28(kpc)
 r_ct:0.0000 r_cr:0.0000
-------- Clump 79: PIEMD Kovner, truncated
 Total mass: 0.562417(cor) 0.508908 (10^12 M_sol)
 rcut:21.37(") 106.74(kpc)
 vdisp:65.96(km/s) b0:0.1882
 rc:0.01(") 0.03(kpc)
 rt:21.37(") 106.74(kpc)
 r_ct:0.0000 r_cr:0.0000
-------- Clump 80: PIEMD Kovner, truncated
 Total mass: 0.511943(cor) 0.463236 (10^12 M_sol)
 rcut:20.39(") 101.84(kpc)
 vdisp:64.43(km/s) b0:0.1796
 rc:0.01(") 0.03(kpc)
 rt:20.39(") 101.84(kpc)
 r_ct:0.0000 r_cr:0.0000
-------- Clump 81: PIEMD Kovner, truncated
 Total mass: 0.505930(cor) 0.457795 (10^12 M_sol)
 rcut:20.27(") 101.24(kpc)
 vdisp:64.24(km/s) b0:0.1785
 rc:0.01(") 0.03(kpc)
 rt:20.27(") 101.24(kpc)
 r_ct:0.0000 r_cr:0.0000
-------- Clump 82: PIEMD Kovner, truncated
 Total mass: 0.505647(cor) 0.457539 (10^12 M_sol)
 rcut:20.27(") 101.21(kpc)
 vdisp:64.23(km/s) b0:0.1785
 rc:0.01(") 0.03(kpc)
 rt:20.27(") 101.21(kpc)
 r_ct:0.0000 r_cr:0.0000
-------- Clump 83: PIEMD Kovner, truncated
 Total mass: 0.484409(cor) 0.438321 (10^12 M_sol)
 rcut:19.84(") 99.07(kpc)
 vdisp:63.54(km/s) b0:0.1747
 rc:0.01(") 0.03(kpc)
 rt:19.84(") 99.07(kpc)
 r_ct:0.0000 r_cr:0.0000
-------- Clump 84: PIEMD Kovner, truncated
 Total mass: 0.482020(cor) 0.436160 (10^12 M_sol)
 rcut:19.79(") 98.82(kpc)
 vdisp:63.47(km/s) b0:0.1742
 rc:0.01(") 0.03(kpc)
 rt:19.79(") 98.82(kpc)
 r_ct:0.0000 r_cr:0.0000
-------- Clump 85: PIEMD Kovner, truncated
 Total mass: 0.466227(cor) 0.421870 (10^12 M_sol)
 rcut:19.46(") 97.19(kpc)
 vdisp:62.94(km/s) b0:0.1714
 rc:0.01(") 0.03(kpc)
 rt:19.46(") 97.19(kpc)
 r_ct:0.0000 r_cr:0.0000
-------- Clump 86: PIEMD Kovner, truncated
 Total mass: 0.466005(cor) 0.421668 (10^12 M_sol)
 rcut:19.45(") 97.17(kpc)
 vdisp:62.93(km/s) b0:0.1713
 rc:0.01(") 0.03(kpc)
 rt:19.45(") 97.17(kpc)
 r_ct:0.0000 r_cr:0.0000
-------- Clump 87: PIEMD Kovner, truncated
 Total mass: 0.461733(cor) 0.417803 (10^12 M_sol)
 rcut:19.37(") 96.72(kpc)
 vdisp:62.79(km/s) b0:0.1705
 rc:0.01(") 0.03(kpc)
 rt:19.37(") 96.72(kpc)
 r_ct:0.0000 r_cr:0.0000
-------- Clump 88: PIEMD Kovner, truncated
 Total mass: 0.425269(cor) 0.384809 (10^12 M_sol)
 rcut:18.59(") 92.82(kpc)
 vdisp:61.51(km/s) b0:0.1637
 rc:0.01(") 0.03(kpc)
 rt:18.59(") 92.82(kpc)
 r_ct:0.0000 r_cr:0.0000
-------- Clump 89: PIEMD Kovner, truncated
 Total mass: 0.419317(cor) 0.379423 (10^12 M_sol)
 rcut:18.45(") 92.17(kpc)
 vdisp:61.29(km/s) b0:0.1625
 rc:0.01(") 0.03(kpc)
 rt:18.45(") 92.17(kpc)
 r_ct:0.0000 r_cr:0.0000
-------- Clump 90: PIEMD Kovner, truncated
 Total mass: 0.407412(cor) 0.368651 (10^12 M_sol)
 rcut:18.19(") 90.85(kpc)
 vdisp:60.85(km/s) b0:0.1602
 rc:0.01(") 0.03(kpc)
 rt:18.19(") 90.85(kpc)
 r_ct:0.0000 r_cr:0.0000
-------- Clump 91: PIEMD Kovner, truncated
 Total mass: 0.389454(cor) 0.352401 (10^12 M_sol)
 rcut:17.79(") 88.83(kpc)
 vdisp:60.17(km/s) b0:0.1566
 rc:0.01(") 0.03(kpc)
 rt:17.79(") 88.83(kpc)
 r_ct:0.0000 r_cr:0.0000
-------- Clump 92: PIEMD Kovner, truncated
 Total mass: 0.387814(cor) 0.350917 (10^12 M_sol)
 rcut:17.75(") 88.64(kpc)
 vdisp:60.11(km/s) b0:0.1563
 rc:0.01(") 0.03(kpc)
 rt:17.75(") 88.64(kpc)
 r_ct:0.0000 r_cr:0.0000
-------- Clump 93: PIEMD Kovner, truncated
 Total mass: 0.386235(cor) 0.349488 (10^12 M_sol)
 rcut:17.71(") 88.46(kpc)
 vdisp:60.05(km/s) b0:0.1560
 rc:0.01(") 0.03(kpc)
 rt:17.71(") 88.46(kpc)
 r_ct:0.0000 r_cr:0.0000
-------- Clump 94: PIEMD Kovner, truncated
 Total mass: 0.370828(cor) 0.335547 (10^12 M_sol)
 rcut:17.35(") 86.68(kpc)
 vdisp:59.44(km/s) b0:0.1528
 rc:0.01(") 0.03(kpc)
 rt:17.35(") 86.68(kpc)
 r_ct:0.0000 r_cr:0.0000
-------- Clump 95: PIEMD Kovner, truncated
 Total mass: 0.365948(cor) 0.331132 (10^12 M_sol)
 rcut:17.24(") 86.10(kpc)
 vdisp:59.24(km/s) b0:0.1518
 rc:0.01(") 0.03(kpc)
 rt:17.24(") 86.10(kpc)
 r_ct:0.0000 r_cr:0.0000
-------- Clump 96: PIEMD Kovner, truncated
 Total mass: 0.345905(cor) 0.312995 (10^12 M_sol)
 rcut:16.76(") 83.71(kpc)
 vdisp:58.41(km/s) b0:0.1476
 rc:0.01(") 0.03(kpc)
 rt:16.76(") 83.71(kpc)
 r_ct:0.0000 r_cr:0.0000
-------- Clump 97: PIEMD Kovner, truncated
 Total mass: 0.331510(cor) 0.299969 (10^12 M_sol)
 rcut:16.41(") 81.95(kpc)
 vdisp:57.80(km/s) b0:0.1445
 rc:0.01(") 0.03(kpc)
 rt:16.41(") 81.95(kpc)
 r_ct:0.0000 r_cr:0.0000
-------- Clump 98: PIEMD Kovner, truncated
 Total mass: 0.318208(cor) 0.287933 (10^12 M_sol)
 rcut:16.08(") 80.29(kpc)
 vdisp:57.21(km/s) b0:0.1416
 rc:0.01(") 0.03(kpc)
 rt:16.08(") 80.29(kpc)
 r_ct:0.0000 r_cr:0.0000
-------- Clump 99: PIEMD Kovner, truncated
 Total mass: 0.315860(cor) 0.285808 (10^12 M_sol)
 rcut:16.02(") 80.00(kpc)
 vdisp:57.10(km/s) b0:0.1411
 rc:0.00(") 0.02(kpc)
 rt:16.02(") 80.00(kpc)
 r_ct:0.0000 r_cr:0.0000
-------- Clump 100: PIEMD Kovner, truncated
 Total mass: 0.314908(cor) 0.284947 (10^12 M_sol)
 rcut:15.99(") 79.87(kpc)
 vdisp:57.06(km/s) b0:0.1408
 rc:0.00(") 0.02(kpc)
 rt:15.99(") 79.87(kpc)
 r_ct:0.0000 r_cr:0.0000
-------- Clump 101: PIEMD Kovner, truncated
 Total mass: 0.311567(cor) 0.281924 (10^12 M_sol)
 rcut:15.91(") 79.45(kpc)
 vdisp:56.91(km/s) b0:0.1401
 rc:0.00(") 0.02(kpc)
 rt:15.91(") 79.45(kpc)
 r_ct:0.0000 r_cr:0.0000
-------- Clump 102: PIEMD Kovner, truncated
 Total mass: 0.301829(cor) 0.273113 (10^12 M_sol)
 rcut:15.66(") 78.20(kpc)
 vdisp:56.46(km/s) b0:0.1379
 rc:0.00(") 0.02(kpc)
 rt:15.66(") 78.20(kpc)
 r_ct:0.0000 r_cr:0.0000
-------- Clump 103: PIEMD Kovner, truncated
 Total mass: 0.291686(cor) 0.263934 (10^12 M_sol)
 rcut:15.39(") 76.87(kpc)
 vdisp:55.98(km/s) b0:0.1355
 rc:0.00(") 0.02(kpc)
 rt:15.39(") 76.87(kpc)
 r_ct:0.0000 r_cr:0.0000
-------- Clump 104: PIEMD Kovner, truncated
 Total mass: 0.278040(cor) 0.251587 (10^12 M_sol)
 rcut:15.03(") 75.05(kpc)
 vdisp:55.31(km/s) b0:0.1323
 rc:0.00(") 0.02(kpc)
 rt:15.03(") 75.05(kpc)
 r_ct:0.0000 r_cr:0.0000
-------- Clump 105: PIEMD Kovner, truncated
 Total mass: 0.276481(cor) 0.250176 (10^12 M_sol)
 rcut:14.99(") 74.84(kpc)
 vdisp:55.23(km/s) b0:0.1320
 rc:0.00(") 0.02(kpc)
 rt:14.99(") 74.84(kpc)
 r_ct:0.0000 r_cr:0.0000
-------- Clump 106: PIEMD Kovner, truncated
 Total mass: 0.274092(cor) 0.248014 (10^12 M_sol)
 rcut:14.92(") 74.52(kpc)
 vdisp:55.11(km/s) b0:0.1314
 rc:0.00(") 0.02(kpc)
 rt:14.92(") 74.52(kpc)
 r_ct:0.0000 r_cr:0.0000
-------- Clump 107: PIEMD Kovner, truncated
 Total mass: 0.272897(cor) 0.246934 (10^12 M_sol)
 rcut:14.89(") 74.36(kpc)
 vdisp:55.05(km/s) b0:0.1311
 rc:0.00(") 0.02(kpc)
 rt:14.89(") 74.36(kpc)
 r_ct:0.0000 r_cr:0.0000
-------- Clump 108: PIEMD Kovner, truncated
 Total mass: 0.265730(cor) 0.240448 (10^12 M_sol)
 rcut:14.69(") 73.37(kpc)
 vdisp:54.69(km/s) b0:0.1294
 rc:0.00(") 0.02(kpc)
 rt:14.69(") 73.37(kpc)
 r_ct:0.0000 r_cr:0.0000
-------- Clump 109: PIEMD Kovner, truncated
 Total mass: 0.263119(cor) 0.238085 (10^12 M_sol)
 rcut:14.62(") 73.01(kpc)
 vdisp:54.55(km/s) b0:0.1287
 rc:0.00(") 0.02(kpc)
 rt:14.62(") 73.01(kpc)
 r_ct:0.0000 r_cr:0.0000
-------- Clump 110: PIEMD Kovner, truncated
 Total mass: 0.257895(cor) 0.233359 (10^12 M_sol)
 rcut:14.47(") 72.28(kpc)
 vdisp:54.28(km/s) b0:0.1275
 rc:0.00(") 0.02(kpc)
 rt:14.47(") 72.28(kpc)
 r_ct:0.0000 r_cr:0.0000
-------- Clump 111: PIEMD Kovner, truncated
 Total mass: 0.249169(cor) 0.225463 (10^12 M_sol)
 rcut:14.23(") 71.05(kpc)
 vdisp:53.81(km/s) b0:0.1253
 rc:0.00(") 0.02(kpc)
 rt:14.23(") 71.05(kpc)
 r_ct:0.0000 r_cr:0.0000
-------- Clump 112: PIEMD Kovner, truncated
 Total mass: 0.248480(cor) 0.224840 (10^12 M_sol)
 rcut:14.21(") 70.95(kpc)
 vdisp:53.78(km/s) b0:0.1251
 rc:0.00(") 0.02(kpc)
 rt:14.21(") 70.95(kpc)
 r_ct:0.0000 r_cr:0.0000
-------- Clump 113: PIEMD Kovner, truncated
 Total mass: 0.243945(cor) 0.220736 (10^12 M_sol)
 rcut:14.08(") 70.30(kpc)
 vdisp:53.53(km/s) b0:0.1240
 rc:0.00(") 0.02(kpc)
 rt:14.08(") 70.30(kpc)
 r_ct:0.0000 r_cr:0.0000
-------- Clump 114: PIEMD Kovner, truncated
 Total mass: 0.239390(cor) 0.216614 (10^12 M_sol)
 rcut:13.94(") 69.64(kpc)
 vdisp:53.28(km/s) b0:0.1228
 rc:0.00(") 0.02(kpc)
 rt:13.94(") 69.64(kpc)
 r_ct:0.0000 r_cr:0.0000
-------- Clump 115: PIEMD Kovner, truncated
 Total mass: 0.228781(cor) 0.207015 (10^12 M_sol)
 rcut:13.63(") 68.08(kpc)
 vdisp:52.68(km/s) b0:0.1200
 rc:0.00(") 0.02(kpc)
 rt:13.63(") 68.08(kpc)
 r_ct:0.0000 r_cr:0.0000
-------- Clump 116: PIEMD Kovner, truncated
 Total mass: 0.216289(cor) 0.195711 (10^12 M_sol)
 rcut:13.25(") 66.20(kpc)
 vdisp:51.94(km/s) b0:0.1167
 rc:0.00(") 0.02(kpc)
 rt:13.25(") 66.20(kpc)
 r_ct:0.0000 r_cr:0.0000
-------- Clump 117: PIEMD Kovner, truncated
 Total mass: 0.193755(cor) 0.175321 (10^12 M_sol)
 rcut:12.54(") 62.65(kpc)
 vdisp:50.53(km/s) b0:0.1105
 rc:0.00(") 0.02(kpc)
 rt:12.54(") 62.65(kpc)
 r_ct:0.0000 r_cr:0.0000
-------- Clump 118: PIEMD Kovner, truncated
 Total mass: 0.191751(cor) 0.173507 (10^12 M_sol)
 rcut:12.48(") 62.33(kpc)
 vdisp:50.40(km/s) b0:0.1099
 rc:0.00(") 0.02(kpc)
 rt:12.48(") 62.33(kpc)
 r_ct:0.0000 r_cr:0.0000
-------- Clump 119: PIEMD Kovner, truncated
 Total mass: 0.183754(cor) 0.166271 (10^12 M_sol)
 rcut:12.22(") 61.01(kpc)
 vdisp:49.87(km/s) b0:0.1076
 rc:0.00(") 0.02(kpc)
 rt:12.22(") 61.01(kpc)
 r_ct:0.0000 r_cr:0.0000
-------- Clump 120: PIEMD Kovner, truncated
 Total mass: 0.174764(cor) 0.158137 (10^12 M_sol)
 rcut:11.91(") 59.50(kpc)
 vdisp:49.25(km/s) b0:0.1049
 rc:0.00(") 0.02(kpc)
 rt:11.91(") 59.50(kpc)
 r_ct:0.0000 r_cr:0.0000
-------- Clump 121: PIEMD Kovner, truncated
 Total mass: 0.171667(cor) 0.155334 (10^12 M_sol)
 rcut:11.81(") 58.97(kpc)
 vdisp:49.03(km/s) b0:0.1040
 rc:0.00(") 0.02(kpc)
 rt:11.81(") 58.97(kpc)
 r_ct:0.0000 r_cr:0.0000
-------- Clump 122: PIEMD Kovner, truncated
 Total mass: 0.169764(cor) 0.153612 (10^12 M_sol)
 rcut:11.74(") 58.65(kpc)
 vdisp:48.89(km/s) b0:0.1034
 rc:0.00(") 0.02(kpc)
 rt:11.74(") 58.65(kpc)
 r_ct:0.0000 r_cr:0.0000
-------- Clump 123: PIEMD Kovner, truncated
 Total mass: 0.166625(cor) 0.150773 (10^12 M_sol)
 rcut:11.63(") 58.10(kpc)
 vdisp:48.66(km/s) b0:0.1024
 rc:0.00(") 0.02(kpc)
 rt:11.63(") 58.10(kpc)
 r_ct:0.0000 r_cr:0.0000
-------- Clump 124: PIEMD Kovner, truncated
 Total mass: 0.166079(cor) 0.150278 (10^12 M_sol)
 rcut:11.61(") 58.01(kpc)
 vdisp:48.62(km/s) b0:0.1023
 rc:0.00(") 0.02(kpc)
 rt:11.61(") 58.01(kpc)
 r_ct:0.0000 r_cr:0.0000
-------- Clump 125: PIEMD Kovner, truncated
 Total mass: 0.164115(cor) 0.148501 (10^12 M_sol)
 rcut:11.55(") 57.66(kpc)
 vdisp:48.48(km/s) b0:0.1017
 rc:0.00(") 0.02(kpc)
 rt:11.55(") 57.66(kpc)
 r_ct:0.0000 r_cr:0.0000
-------- Clump 126: PIEMD Kovner, truncated
 Total mass: 0.151947(cor) 0.137491 (10^12 M_sol)
 rcut:11.11(") 55.48(kpc)
 vdisp:47.56(km/s) b0:0.0978
 rc:0.00(") 0.02(kpc)
 rt:11.11(") 55.48(kpc)
 r_ct:0.0000 r_cr:0.0000
-------- Clump 127: PIEMD Kovner, truncated
 Total mass: 0.144598(cor) 0.130840 (10^12 M_sol)
 rcut:10.84(") 54.12(kpc)
 vdisp:46.97(km/s) b0:0.0954
 rc:0.00(") 0.02(kpc)
 rt:10.84(") 54.12(kpc)
 r_ct:0.0000 r_cr:0.0000
-------- Clump 128: PIEMD Kovner, truncated
 Total mass: 0.137734(cor) 0.124630 (10^12 M_sol)
 rcut:10.58(") 52.82(kpc)
 vdisp:46.40(km/s) b0:0.0931
 rc:0.00(") 0.02(kpc)
 rt:10.58(") 52.82(kpc)
 r_ct:0.0000 r_cr:0.0000
-------- Clump 129: PIEMD Kovner, truncated
 Total mass: 0.135588(cor) 0.122688 (10^12 M_sol)
 rcut:10.49(") 52.41(kpc)
 vdisp:46.22(km/s) b0:0.0924
 rc:0.00(") 0.02(kpc)
 rt:10.49(") 52.41(kpc)
 r_ct:0.0000 r_cr:0.0000
-------- Clump 130: PIEMD Kovner, truncated
 Total mass: 0.134171(cor) 0.121406 (10^12 M_sol)
 rcut:10.44(") 52.14(kpc)
 vdisp:46.10(km/s) b0:0.0919
 rc:0.00(") 0.02(kpc)
 rt:10.44(") 52.14(kpc)
 r_ct:0.0000 r_cr:0.0000
-------- Clump 131: PIEMD Kovner, truncated
 Total mass: 0.132045(cor) 0.119482 (10^12 M_sol)
 rcut:10.36(") 51.72(kpc)
 vdisp:45.92(km/s) b0:0.0912
 rc:0.00(") 0.02(kpc)
 rt:10.36(") 51.72(kpc)
 r_ct:0.0000 r_cr:0.0000
-------- Clump 132: PIEMD Kovner, truncated
 Total mass: 0.128300(cor) 0.116093 (10^12 M_sol)
 rcut:10.21(") 50.98(kpc)
 vdisp:45.59(km/s) b0:0.0899
 rc:0.00(") 0.02(kpc)
 rt:10.21(") 50.98(kpc)
 r_ct:0.0000 r_cr:0.0000
-------- Clump 133: PIEMD Kovner, truncated
 Total mass: 0.126903(cor) 0.114829 (10^12 M_sol)
 rcut:10.15(") 50.71(kpc)
 vdisp:45.46(km/s) b0:0.0894
 rc:0.00(") 0.02(kpc)
 rt:10.15(") 50.71(kpc)
 r_ct:0.0000 r_cr:0.0000
-------- Clump 134: PIEMD Kovner, truncated
 Total mass: 0.125384(cor) 0.113455 (10^12 M_sol)
 rcut:10.09(") 50.40(kpc)
 vdisp:45.33(km/s) b0:0.0889
 rc:0.00(") 0.02(kpc)
 rt:10.09(") 50.40(kpc)
 r_ct:0.0000 r_cr:0.0000
-------- Clump 135: PIEMD Kovner, truncated
 Total mass: 0.124250(cor) 0.112429 (10^12 M_sol)
 rcut:10.05(") 50.17(kpc)
 vdisp:45.22(km/s) b0:0.0885
 rc:0.00(") 0.02(kpc)
 rt:10.05(") 50.17(kpc)
 r_ct:0.0000 r_cr:0.0000
-------- Clump 136: PIEMD Kovner, truncated
 Total mass: 0.122003(cor) 0.110396 (10^12 M_sol)
 rcut:9.95(") 49.72(kpc)
 vdisp:45.02(km/s) b0:0.0877
 rc:0.00(") 0.02(kpc)
 rt:9.95(") 49.72(kpc)
 r_ct:0.0000 r_cr:0.0000
-------- Clump 137: PIEMD Kovner, truncated
 Total mass: 0.118318(cor) 0.107061 (10^12 M_sol)
 rcut:9.80(") 48.96(kpc)
 vdisp:44.67(km/s) b0:0.0863
 rc:0.00(") 0.02(kpc)
 rt:9.80(") 48.96(kpc)
 r_ct:0.0000 r_cr:0.0000
-------- Clump 138: PIEMD Kovner, truncated
 Total mass: 0.117245(cor) 0.106090 (10^12 M_sol)
 rcut:9.76(") 48.74(kpc)
 vdisp:44.57(km/s) b0:0.0859
 rc:0.00(") 0.02(kpc)
 rt:9.76(") 48.74(kpc)
 r_ct:0.0000 r_cr:0.0000
-------- Clump 139: PIEMD Kovner, truncated
 Total mass: 0.115018(cor) 0.104075 (10^12 M_sol)
 rcut:9.67(") 48.27(kpc)
 vdisp:44.36(km/s) b0:0.0851
 rc:0.00(") 0.02(kpc)
 rt:9.67(") 48.27(kpc)
 r_ct:0.0000 r_cr:0.0000
-------- Clump 140: PIEMD Kovner, truncated
 Total mass: 0.113500(cor) 0.102701 (10^12 M_sol)
 rcut:9.60(") 47.95(kpc)
 vdisp:44.21(km/s) b0:0.0846
 rc:0.00(") 0.01(kpc)
 rt:9.60(") 47.95(kpc)
 r_ct:0.0000 r_cr:0.0000
-------- Clump 141: PIEMD Kovner, truncated
 Total mass: 0.112629(cor) 0.101913 (10^12 M_sol)
 rcut:9.56(") 47.77(kpc)
 vdisp:44.13(km/s) b0:0.0842
 rc:0.00(") 0.01(kpc)
 rt:9.56(") 47.77(kpc)
 r_ct:0.0000 r_cr:0.0000
-------- Clump 142: PIEMD Kovner, truncated
 Total mass: 0.106110(cor) 0.096014 (10^12 M_sol)
 rcut:9.28(") 46.37(kpc)
 vdisp:43.47(km/s) b0:0.0818
 rc:0.00(") 0.01(kpc)
 rt:9.28(") 46.37(kpc)
 r_ct:0.0000 r_cr:0.0000
-------- Clump 143: PIEMD Kovner, truncated
 Total mass: 0.103620(cor) 0.093761 (10^12 M_sol)
 rcut:9.17(") 45.82(kpc)
 vdisp:43.22(km/s) b0:0.0808
 rc:0.00(") 0.01(kpc)
 rt:9.17(") 45.82(kpc)
 r_ct:0.0000 r_cr:0.0000
